  [C] Auto-selected profile 'standard' for source dialect 'cockroachdb'
  [A] Creating tables in schema 'tpcb_src'… done
  [A]   loading branch                             1 rows… 0.01s
  [A]   loading teller                            10 rows… 0.03s
  [A]   loading account                      100,000 rows… 1.89s
  [A]   loading history                      100,000 rows… 1.57s
  [A] Running ANALYZE on 'tpcb_src'… done
  [A.6] No literal predicates on dimension columns found — skipping FK range inference
  [B] EXPLAIN tpcb-q01… ok
  [B] EXPLAIN tpcb-q02… ok
  [B] EXPLAIN tpcb-q03… ok
  [B] EXPLAIN tpcb-q04… ok
  [C] pred_cols: 9 predicate columns from workload YAML across 4 tables
  [C] collecting stats branch… ok  (row_count=1)
  [C] collecting stats teller… ok  (row_count=10)
  [C] collecting stats account… ok  (row_count=100,000)
  [C] collecting stats history… ok  (row_count=100,000)
  [D] Creating tables in schema 'tpcb_tgt'… done
  [D]   synthetic branch                             1 rows… 0.02s
  [D]   synthetic teller                            10 rows… 0.02s
  [D]   synthetic account                      100,000 rows… 1.11s
  [D]   synthetic history                      100,000 rows… 1.47s
  [D] Updating statistics in 'tpcb_tgt'… 
  [D] pg_restore_attribute_stats unavailable (pg_restore_attribute_stats not found. PostgreSQL 18+ is required for stats injection.); running ANALYZE… done
  [C.5] Collecting target stats for fidelity check…
  [C] collecting stats branch… ok  (row_count=1)
  [C] collecting stats teller… ok  (row_count=10)
  [C] collecting stats account… ok  (row_count=100,000)
  [C] collecting stats history… ok  (row_count=100,000)
  [C.5] stats fidelity: ndistinct_w2x=1.000  range_covered=0.000  null_match=1.000
  [B] EXPLAIN tpcb-q01… ok
  [B] EXPLAIN tpcb-q02… ok
  [B] EXPLAIN tpcb-q03… ok
  [B] EXPLAIN tpcb-q04… ok

======================================================================
  Identity Test Result
  schema=tpcb  dialect=cockroachdb  sf=1.0
  source=tpcb_src  target=tpcb_tgt
======================================================================
  stats_fidelity: ndistinct_w2x=1.000  range_covered=0.000  null_match=1.000

  node_jaccard  : 1.000  (threshold ≥ 0.7)
  within_2x     : 1.000  (threshold ≥ 0.5)
  within_10x    : 1.000

  tpcb-q01              jaccard=1.00  within_2x=1.00  nodes: 3→3
  tpcb-q02              jaccard=1.00  within_2x=1.00  nodes: 5→5
  tpcb-q03              jaccard=1.00  within_2x=1.00  nodes: 5→5
  tpcb-q04              jaccard=1.00  within_2x=1.00  nodes: 5→5

  Overall: PASS ✓
    A_load_source             4.54s
    A5_source_extended_stats  0.00s
    A6_fk_range_inference     0.01s
    B_baseline_explain        0.04s
    C_collect_stats           1.97s
    D_build_target            3.44s
    C5_target_stats_fidelity  1.87s
    E_replay_explain          0.02s
======================================================================

  Result saved → benchmarks/results/20260326-232535-identity-tpcb-sf1.0-cockroachdb.json

