  [C] Auto-selected profile 'thorough' for source dialect 'db2'
  [A] Creating tables in schema 'tpcdi_src'… done
  [A]   loading StatusType                         5 rows… 0.07s
  [A]   loading TaxRate                          320 rows… 0.22s
  [A]   loading TradeType                          5 rows… 0.05s
  [A]   loading Industry                         102 rows… 0.10s
  [A]   loading DimDate                        3,652 rows… 9.58s
  [A]   loading DimTime                       86,400 rows… 43.16s
  [A]   loading DimCompany                       400 rows… 1.42s
  [A]   loading DimBroker                        100 rows… 0.17s
  [A]   loading DimCustomer                      950 rows… 7.72s
  [A]   loading DimMessage                       500 rows… 0.50s
  [A]   loading DimSecurity                      685 rows… 1.34s
  [A]   loading Financial                      3,200 rows… 7.05s
  [A]   loading DimAccount                     1,500 rows… 2.22s
  [A]   loading FactMarketHistory             57,000 rows… 50.23s
  [A]   loading FactWatches                    5,000 rows… 3.71s
  [A]   loading DimTrade                      46,000 rows… 75.97s
  [A]   loading FactCashBalances               2,500 rows… 3.47s
  [A]   loading FactHoldings                   3,000 rows… 5.72s
  [A] Running ANALYZE on 'tpcdi_src'… done
  [B] EXPLAIN tpcdi-q01… ok
  [B] EXPLAIN tpcdi-q02… ok
  [B] EXPLAIN tpcdi-q03… ok
  [B] EXPLAIN tpcdi-q04… ok
  [C] pred_cols: 12 predicate columns from workload YAML across 18 tables
  [C] collecting stats StatusType… ok  (row_count=5)
  [C] collecting stats TaxRate… ok  (row_count=320)
  [C] collecting stats TradeType… ok  (row_count=5)
  [C] collecting stats Industry… ok  (row_count=102)
  [C] collecting stats DimDate… ok  (row_count=3,652)
  [C] collecting stats DimTime… ok  (row_count=86,400)
  [C] collecting stats DimCompany… ok  (row_count=400)
  [C] collecting stats DimBroker… ok  (row_count=100)
  [C] collecting stats DimCustomer… ok  (row_count=950)
  [C] collecting stats DimMessage… ok  (row_count=500)
  [C] collecting stats DimSecurity… ok  (row_count=685)
  [C] collecting stats Financial… ok  (row_count=3,200)
  [C] collecting stats DimAccount… ok  (row_count=1,500)
  [C] collecting stats FactMarketHistory… ok  (row_count=57,000)
  [C] collecting stats FactWatches… ok  (row_count=5,000)
  [C] collecting stats DimTrade… ok  (row_count=46,000)
  [C] collecting stats FactCashBalances… ok  (row_count=2,500)
  [C] collecting stats FactHoldings… ok  (row_count=3,000)
  [D] Creating tables in schema 'tpcdi_tgt'… done
  [D]   synthetic StatusType                         5 rows… 2.52s
  [D]   synthetic TaxRate                          320 rows… 2.17s
  [D]   synthetic TradeType                          5 rows… 2.15s
  [D]   synthetic Industry                         102 rows… 2.29s
  [D]   synthetic DimDate                        3,652 rows… 10.57s
  [D]   synthetic DimTime                       86,400 rows… 43.08s
  [D]   synthetic DimCompany                       400 rows… 3.46s
  [D]   synthetic DimBroker                        100 rows… 2.94s
  [D]   synthetic DimCustomer                      950 rows… 12.64s
  [D]   synthetic DimMessage                       500 rows… 2.96s
  [D]   synthetic DimSecurity                      685 rows… 4.15s
  [D]   synthetic Financial                      3,200 rows… 7.14s
  [D]   synthetic DimAccount                     1,500 rows… 4.95s
  [D]   synthetic FactMarketHistory             57,000 rows… 51.35s
  [D]   synthetic FactWatches                    5,000 rows… 3.51s
  [D]   synthetic DimTrade                      46,000 rows… 83.80s
  [D]   synthetic FactCashBalances               2,500 rows… 3.91s
  [D]   synthetic FactHoldings                   3,000 rows… 5.72s
  [D] Updating statistics in 'tpcdi_tgt'… done (native ANALYZE)
  [C.5] Collecting target stats for fidelity check…
  [C] collecting stats StatusType… ok  (row_count=5)
  [C] collecting stats TaxRate… ok  (row_count=320)
  [C] collecting stats TradeType… ok  (row_count=5)
  [C] collecting stats Industry… ok  (row_count=102)
  [C] collecting stats DimDate… ok  (row_count=3,652)
  [C] collecting stats DimTime… ok  (row_count=86,400)
  [C] collecting stats DimCompany… ok  (row_count=400)
  [C] collecting stats DimBroker… ok  (row_count=100)
  [C] collecting stats DimCustomer… ok  (row_count=950)
  [C] collecting stats DimMessage… ok  (row_count=500)
  [C] collecting stats DimSecurity… ok  (row_count=685)
  [C] collecting stats Financial… ok  (row_count=3,200)
  [C] collecting stats DimAccount… ok  (row_count=1,500)
  [C] collecting stats FactMarketHistory… ok  (row_count=57,000)
  [C] collecting stats FactWatches… ok  (row_count=5,000)
  [C] collecting stats DimTrade… ok  (row_count=46,000)
  [C] collecting stats FactCashBalances… ok  (row_count=2,500)
  [C] collecting stats FactHoldings… ok  (row_count=3,000)
  [C.5] stats fidelity: ndistinct_w2x=0.865  range_covered=1.000  null_match=0.995
  [B] EXPLAIN tpcdi-q01… ok
  [B] EXPLAIN tpcdi-q02… ok
  [B] EXPLAIN tpcdi-q03… ok
  [B] EXPLAIN tpcdi-q04… ok

======================================================================
  Identity Test Result
  schema=tpcdi  dialect=db2  sf=1.0
  source=tpcdi_src  target=tpcdi_tgt
======================================================================
  stats_fidelity: ndistinct_w2x=0.865  range_covered=1.000  null_match=0.995
    ⚠  DimTime: only 50% of columns have matching n_distinct (target stats may not reflect source)
    ⚠  FactMarketHistory: only 50% of columns have matching n_distinct (target stats may not reflect source)
    ⚠  FactCashBalances: only 60% of columns have matching n_distinct (target stats may not reflect source)

  node_jaccard  : 1.000  (threshold ≥ 0.7)
  within_2x     : 1.000  (threshold ≥ 0.5)
  within_10x    : 1.000

  tpcdi-q01             jaccard=1.00  within_2x=1.00  nodes: 1→1
  tpcdi-q02             jaccard=1.00  within_2x=1.00  nodes: 1→1
  tpcdi-q03             jaccard=1.00  within_2x=1.00  nodes: 1→1
  tpcdi-q04             jaccard=1.00  within_2x=1.00  nodes: 1→1

  Overall: PASS ✓
    A_load_source             224.58s
    B_baseline_explain        0.25s
    C_collect_stats           266.30s
    D_build_target            259.93s
    C5_target_stats_fidelity  125.67s
    E_replay_explain          0.17s
======================================================================

  Result saved → benchmarks/results/20260327-070234-identity-tpcdi-sf1.0-db2.json

