  [C] Auto-selected profile 'standard' for source dialect 'mysql'
  [A] Creating tables in schema 'tpch_src'… done
  [A]   loading region                             5 rows… 0.02s
  [A]   loading part                           2,000 rows… 0.21s
  [A]   loading nation                            25 rows… 0.06s
  [A]   loading supplier                         100 rows… 0.03s
  [A]   loading customer                       1,500 rows… 0.12s
  [A]   loading partsupp                       8,000 rows… 0.25s
  [A]   loading orders                        15,000 rows… 0.61s
  [A]   loading lineitem                      60,000 rows… 3.05s
  [A] Running ANALYZE on 'tpch_src'… done
  [B] EXPLAIN tpch-q01… ok
  [B] EXPLAIN tpch-q03… ok
  [B] EXPLAIN tpch-q06… ok
  [B] EXPLAIN tpch-q14… ok
  [C] pred_cols: 33 predicate columns from workload YAML across 8 tables
  [C] collecting stats region… ok  (row_count=5)
  [C] collecting stats part… ok  (row_count=2,000)
  [C] collecting stats nation… ok  (row_count=25)
  [C] collecting stats supplier… ok  (row_count=100)
  [C] collecting stats customer… ok  (row_count=1,500)
  [C] collecting stats partsupp… ok  (row_count=8,000)
  [C] collecting stats orders… ok  (row_count=15,000)
  [C] collecting stats lineitem… ok  (row_count=60,000)
  [D] Creating tables in schema 'tpch_tgt'… done
  [D]   synthetic region                             5 rows… 0.02s
  [D]   synthetic part                           2,000 rows… 0.12s
  [D]   synthetic nation                            25 rows… 0.01s
  [D]   synthetic supplier                         100 rows… 0.01s
  [D]   synthetic customer                       1,500 rows… 0.08s
  [D]   synthetic partsupp                       8,000 rows… 0.16s
  [D]   synthetic orders                        15,000 rows… 0.52s
  [D]   synthetic lineitem                      60,000 rows… 
    WARN lineitem: stats-driven generator failed, using simple generator (TypeError)3.01s
  [D] Updating statistics in 'tpch_tgt'… done (native ANALYZE)
  [C.5] Collecting target stats for fidelity check…
  [C] collecting stats region… ok  (row_count=5)
  [C] collecting stats part… ok  (row_count=2,000)
  [C] collecting stats nation… ok  (row_count=25)
  [C] collecting stats supplier… ok  (row_count=100)
  [C] collecting stats customer… ok  (row_count=1,500)
  [C] collecting stats partsupp… ok  (row_count=8,000)
  [C] collecting stats orders… ok  (row_count=15,000)
  [C] collecting stats lineitem… ok  (row_count=60,000)
  [C.5] stats fidelity: ndistinct_w2x=0.984  range_covered=1.000  null_match=1.000
  [B] EXPLAIN tpch-q01… ok
  [B] EXPLAIN tpch-q03… ok
  [B] EXPLAIN tpch-q06… ok
  [B] EXPLAIN tpch-q14… ok

======================================================================
  Identity Test Result
  schema=tpch  dialect=mysql  sf=0.01
  source=tpch_src  target=tpch_tgt
======================================================================
  stats_fidelity: ndistinct_w2x=0.984  range_covered=1.000  null_match=1.000

  node_jaccard  : 1.000  (threshold ≥ 0.7)
  within_2x     : 1.000  (threshold ≥ 0.5)
  within_10x    : 1.000

  tpch-q01              jaccard=1.00  within_2x=1.00  nodes: 3→3
  tpch-q03              jaccard=1.00  within_2x=1.00  nodes: 6→6
  tpch-q06              jaccard=1.00  within_2x=1.00  nodes: 1→1
  tpch-q14              jaccard=1.00  within_2x=1.00  nodes: 3→3

  Overall: PASS ✓
    A_load_source             5.00s
    B_baseline_explain        0.05s
    C_collect_stats           1.79s
    D_build_target            4.29s
    C5_target_stats_fidelity  2.71s
    E_replay_explain          0.04s
======================================================================

  Result saved → benchmarks/results/20260327-061921-identity-tpch-sf0.01-mysql.json

