  [A] Creating tables in schema 'tpch_src'… done
  [A]   loading region                             5 rows… 0.01s
  [A]   loading part                          20,000 rows… 1.05s
  [A]   loading nation                            25 rows… 0.02s
  [A]   loading supplier                       1,000 rows… 0.07s
  [A]   loading customer                      15,000 rows… 0.68s
  [A]   loading partsupp                      80,000 rows… 2.82s
  [A]   loading orders                       150,000 rows… 5.27s
  [A]   loading lineitem                     600,000 rows… 30.78s
  [A] Running ANALYZE on 'tpch_src'… done
  [A.5] Found 6 column pairs across 1 tables; creating statistics… done (6 created)
  [A.5] Running ANALYZE for extended stats… done
  [A.6] 2 dimension predicates extracted; resolving FK ranges… done (0 FK column overrides)
  [B] EXPLAIN tpch-q01… ok
  [B] EXPLAIN tpch-q03… ok
  [B] EXPLAIN tpch-q06… ok
  [B] EXPLAIN tpch-q14… ok
  [C] collecting stats region… ok  (row_count=5)
  [C] collecting stats part… ok  (row_count=20,000)
  [C] collecting stats nation… ok  (row_count=25)
  [C] collecting stats supplier… ok  (row_count=1,000)
  [C] collecting stats customer… ok  (row_count=15,000)
  [C] collecting stats partsupp… ok  (row_count=80,000)
  [C] collecting stats orders… ok  (row_count=150,000)
  [C] collecting stats lineitem… ok  (row_count=600,000)
  [D] Creating tables in schema 'tpch_tgt'… done
  [D]   synthetic region                             5 rows… 0.06s
  [D]   synthetic part                          20,000 rows… 1.53s
  [D]   synthetic nation                            25 rows… 0.01s
  [D]   synthetic supplier                       1,000 rows… 0.08s
  [D]   synthetic customer                      15,000 rows… 0.93s
  [D]   synthetic partsupp                      80,000 rows… 2.64s
  [D]   synthetic orders                       150,000 rows… 7.66s
  [D]   synthetic lineitem                     600,000 rows… 52.98s
  [D] Updating statistics in 'tpch_tgt'… done
  [D.5] Creating extended statistics in 'tpch_tgt'… done (6 created)
  [D.5] Analyzing target tables for extended stats… done
  [D.5] Re-injecting single-column stats after ANALYZE… done
  [C.5] Collecting target stats for fidelity check…
  [C] collecting stats region… ok  (row_count=5)
  [C] collecting stats part… ok  (row_count=20,000)
  [C] collecting stats nation… ok  (row_count=25)
  [C] collecting stats supplier… ok  (row_count=1,000)
  [C] collecting stats customer… ok  (row_count=15,000)
  [C] collecting stats partsupp… ok  (row_count=80,000)
  [C] collecting stats orders… ok  (row_count=150,000)
  [C] collecting stats lineitem… ok  (row_count=600,000)
  [C.5] stats fidelity: ndistinct_w2x=1.000  range_covered=1.000  null_match=1.000
  [B] EXPLAIN tpch-q01… ok
  [B] EXPLAIN tpch-q03… ok
  [B] EXPLAIN tpch-q06… ok
  [B] EXPLAIN tpch-q14… ok

======================================================================
  Identity Test Result
  schema=tpch  dialect=postgres  sf=0.1
  source=tpch_src  target=tpch_tgt
======================================================================
  stats_fidelity: ndistinct_w2x=1.000  range_covered=1.000  null_match=1.000

  node_jaccard  : 0.964  (threshold ≥ 0.7)
  within_2x     : 0.833  (threshold ≥ 0.5)
  within_10x    : 0.833

  tpch-q01              jaccard=1.00  within_2x=1.00  nodes: 5→5
  tpch-q03              jaccard=1.00  within_2x=1.00  nodes: 11→11
  tpch-q06              jaccard=1.00  within_2x=1.00  nodes: 4→4
  tpch-q14              jaccard=0.86  within_2x=0.33  nodes: 7→6

  Overall: PASS ✓
    A_load_source             41.61s
    A5_source_extended_stats  0.61s
    A6_fk_range_inference     0.01s
    B_baseline_explain        0.03s
    C_collect_stats           8.55s
    D_build_target            68.02s
    D5_target_extended_stats  0.43s
    C5_target_stats_fidelity  7.76s
    E_replay_explain          0.05s
======================================================================

  Result saved → benchmarks/results/20260327-062111-identity-tpch-sf0.1-postgres.json

