  [C] Auto-selected profile 'standard' for source dialect 'cockroachdb'
  [A] Creating tables in schema 'tpch_src'… done
  [A]   loading region                             5 rows… 0.11s
  [A]   loading part                          20,000 rows… 3.24s
  [A]   loading nation                            25 rows… 0.06s
  [A]   loading supplier                       1,000 rows… 0.53s
  [A]   loading customer                      15,000 rows… 1.03s
  [A]   loading partsupp                      80,000 rows… 3.60s
  [A]   loading orders                       150,000 rows… 33.99s
  [A]   loading lineitem                     600,000 rows… 98.92s
  [A] Running ANALYZE on 'tpch_src'… done
  [A.6] 2 dimension predicates extracted; resolving FK ranges… done (0 FK column overrides)
  [B] EXPLAIN tpch-q01… ok
  [B] EXPLAIN tpch-q03… ok
  [B] EXPLAIN tpch-q06… ok
  [B] EXPLAIN tpch-q14… ok
  [C] pred_cols: 33 predicate columns from workload YAML across 8 tables
  [C] collecting stats region… ok  (row_count=5)
  [C] collecting stats part… ok  (row_count=20,000)
  [C] collecting stats nation… ok  (row_count=25)
  [C] collecting stats supplier… ok  (row_count=1,000)
  [C] collecting stats customer… ok  (row_count=15,000)
  [C] collecting stats partsupp… ok  (row_count=80,000)
  [C] collecting stats orders… ok  (row_count=150,000)
  [C] collecting stats lineitem… ok  (row_count=600,000)
  [D] Creating tables in schema 'tpch_tgt'… done
  [D]   synthetic region                             5 rows… 0.07s
  [D]   synthetic part                          20,000 rows… 4.39s
  [D]   synthetic nation                            25 rows… 1.11s
  [D]   synthetic supplier                       1,000 rows… 0.64s
  [D]   synthetic customer                      15,000 rows… 6.65s
  [D]   synthetic partsupp                      80,000 rows… 13.81s
  [D]   synthetic orders                       150,000 rows… 43.88s
  [D]   synthetic lineitem                     600,000 rows… 
    WARN lineitem: stats-driven generator failed, using simple generator (TypeError)157.06s
  [D] Updating statistics in 'tpch_tgt'… 
  [D] pg_restore_attribute_stats unavailable (pg_restore_attribute_stats not found. PostgreSQL 18+ is required for stats injection.); running ANALYZE… done
  [C.5] Collecting target stats for fidelity check…
  [C] collecting stats region… ok  (row_count=5)
  [C] collecting stats part… ok  (row_count=20,000)
  [C] collecting stats nation… ok  (row_count=25)
  [C] collecting stats supplier… ok  (row_count=1,000)
  [C] collecting stats customer… ok  (row_count=15,000)
  [C] collecting stats partsupp… ok  (row_count=80,000)
  [C] collecting stats orders… ok  (row_count=150,000)
  [C] collecting stats lineitem… ok  (row_count=600,000)
  [C.5] stats fidelity: ndistinct_w2x=0.986  range_covered=0.000  null_match=1.000
  [B] EXPLAIN tpch-q01… ok
  [B] EXPLAIN tpch-q03… ok
  [B] EXPLAIN tpch-q06… ok
  [B] EXPLAIN tpch-q14… ok

======================================================================
  Identity Test Result
  schema=tpch  dialect=cockroachdb  sf=0.1
  source=tpch_src  target=tpch_tgt
======================================================================
  stats_fidelity: ndistinct_w2x=0.986  range_covered=0.000  null_match=1.000

  node_jaccard  : 1.000  (threshold ≥ 0.7)
  within_2x     : 0.932  (threshold ≥ 0.5)
  within_10x    : 1.000

  tpch-q01              jaccard=1.00  within_2x=1.00  nodes: 5→5
  tpch-q03              jaccard=1.00  within_2x=0.73  nodes: 11→11
  tpch-q06              jaccard=1.00  within_2x=1.00  nodes: 4→4
  tpch-q14              jaccard=1.00  within_2x=1.00  nodes: 7→7

  Overall: PASS ✓
    A_load_source             156.77s
    A5_source_extended_stats  0.00s
    A6_fk_range_inference     0.04s
    B_baseline_explain        0.43s
    C_collect_stats           48.63s
    D_build_target            252.78s
    C5_target_stats_fidelity  39.43s
    E_replay_explain          1.37s
======================================================================

  Result saved → benchmarks/results/20260327-034915-identity-tpch-sf0.1-cockroachdb.json

