  [C] Auto-selected profile 'thorough' for source dialect 'db2'
  [A] Creating tables in schema 'tpce_src'… done
  [A]   loading exchange                           4 rows… 1.77s
  [A]   loading sector                            12 rows… 0.76s
  [A]   loading status_type                        5 rows… 0.66s
  [A]   loading trade_type                         5 rows… 2.33s
  [A]   loading taxrate                          320 rows… 0.71s
  [A]   loading charge                            15 rows… 1.88s
  [A]   loading commission_rate                  240 rows… 2.30s
  [A]   loading zip_code                      14,741 rows… 6.41s
  [A]   loading address                       13,333 rows… 8.91s
  [A]   loading news_item                        200 rows… 1.91s
  [A]   loading industry                         102 rows… 1.78s
  [A]   loading broker                            10 rows… 1.80s
  [A]   loading customer                      10,000 rows… 57.08s
  [A]   loading company                           50 rows… 1.03s
  [A]   loading customer_taxrate              30,000 rows… 4.62s
  [A]   loading customer_account              50,000 rows… 11.80s
  [A]   loading watch_list                    10,000 rows… 2.55s
  [A]   loading company_competitor               150 rows… 1.06s
  [A]   loading security                          68 rows… 0.76s
  [A]   loading financial                      1,000 rows… 3.96s
  [A]   loading news_xref                        600 rows… 2.02s
  [A]   loading account_permission            75,000 rows… 27.20s
  [A]   loading watch_item                   150,000 rows… 19.62s
  [A]   loading daily_market                 125,027 rows… 29.27s
  [A]   loading last_trade                        68 rows… 2.03s
  [A]   loading trade                         33,387 rows… 38.80s
  [A]   loading holding_summary               38,000 rows… 4.87s
  [A]   loading trade_history                100,000 rows… 12.29s
  [A]   loading trade_request                  1,000 rows… 3.20s
  [A]   loading holding                       50,000 rows… 13.27s
  [A]   loading cash_transaction              33,387 rows… 7.74s
  [A]   loading holding_history              100,000 rows… 13.31s
  [A] Running ANALYZE on 'tpce_src'… done
  [B] EXPLAIN tpce-q01… ok
  [B] EXPLAIN tpce-q02… ok
  [B] EXPLAIN tpce-q03… ok
  [B] EXPLAIN tpce-q04… ok
  [C] pred_cols: 15 predicate columns from workload YAML across 32 tables
  [C] collecting stats exchange… ok  (row_count=4)
  [C] collecting stats sector… ok  (row_count=12)
  [C] collecting stats status_type… ok  (row_count=5)
  [C] collecting stats trade_type… ok  (row_count=5)
  [C] collecting stats taxrate… ok  (row_count=320)
  [C] collecting stats charge… ok  (row_count=15)
  [C] collecting stats commission_rate… ok  (row_count=240)
  [C] collecting stats zip_code… ok  (row_count=14,741)
  [C] collecting stats address… ok  (row_count=13,333)
  [C] collecting stats news_item… ok  (row_count=200)
  [C] collecting stats industry… ok  (row_count=102)
  [C] collecting stats broker… ok  (row_count=10)
  [C] collecting stats customer… ok  (row_count=10,000)
  [C] collecting stats company… ok  (row_count=50)
  [C] collecting stats customer_taxrate… ok  (row_count=30,000)
  [C] collecting stats customer_account… ok  (row_count=50,000)
  [C] collecting stats watch_list… ok  (row_count=10,000)
  [C] collecting stats company_competitor… ok  (row_count=150)
  [C] collecting stats security… ok  (row_count=68)
  [C] collecting stats financial… ok  (row_count=1,000)
  [C] collecting stats news_xref… ok  (row_count=600)
  [C] collecting stats account_permission… ok  (row_count=75,000)
  [C] collecting stats watch_item… ok  (row_count=150,000)
  [C] collecting stats daily_market… ok  (row_count=125,027)
  [C] collecting stats last_trade… ok  (row_count=68)
  [C] collecting stats trade… ok  (row_count=33,387)
  [C] collecting stats holding_summary… ok  (row_count=38,000)
  [C] collecting stats trade_history… ok  (row_count=100,000)
  [C] collecting stats trade_request… ok  (row_count=1,000)
  [C] collecting stats holding… ok  (row_count=50,000)
  [C] collecting stats cash_transaction… ok  (row_count=33,387)
  [C] collecting stats holding_history… ok  (row_count=100,000)
  [D] Creating tables in schema 'tpce_tgt'… done
  [D]   synthetic exchange                           4 rows… 1.79s
  [D]   synthetic sector                            12 rows… 2.35s
  [D]   synthetic status_type                        5 rows… 1.37s
  [D]   synthetic trade_type                         5 rows… 1.02s
  [D]   synthetic taxrate                          320 rows… 