  [C] Auto-selected profile 'thorough' for source dialect 'oracle'
  [A] Creating tables in schema 'tpcdi_src'… done
  [A]   loading StatusType                         5 rows… 2.36s
  [A]   loading TaxRate                          320 rows… 0.27s
  [A]   loading TradeType                          5 rows… 0.26s
  [A]   loading Industry                         102 rows… 0.42s
  [A]   loading DimDate                        3,652 rows… 2.16s
  [A]   loading DimTime                       86,400 rows… 25.72s
  [A]   loading DimCompany                       400 rows… 0.35s
  [A]   loading DimBroker                        100 rows… 0.29s
  [A]   loading DimCustomer                      950 rows… 0.58s
  [A]   loading DimMessage                       500 rows… 0.33s
  [A]   loading DimSecurity                      685 rows… 0.40s
  [A]   loading Financial                      3,200 rows… 0.79s
  [A]   loading DimAccount                     1,500 rows… 0.82s
  [A]   loading FactMarketHistory             57,000 rows… 18.76s
  [A]   loading FactWatches                    5,000 rows… 3.59s
  [A]   loading DimTrade                      46,000 rows… 38.80s
  [A]   loading FactCashBalances               2,500 rows… 1.53s
  [A]   loading FactHoldings                   3,000 rows… 5.22s
  [A] Running ANALYZE on 'tpcdi_src'… done
  [B] EXPLAIN tpcdi-q01… ERROR: ORA-00932: inconsistent datatypes: expected - got CLOB
Help: https://docs.oracle.com/error-help/db/ora-00932/
  [B] EXPLAIN tpcdi-q02… ERROR: ORA-00932: inconsistent datatypes: expected - got CLOB
Help: https://docs.oracle.com/error-help/db/ora-00932/
  [B] EXPLAIN tpcdi-q03… ERROR: ORA-00932: inconsistent datatypes: expected - got CLOB
Help: https://docs.oracle.com/error-help/db/ora-00932/
  [B] EXPLAIN tpcdi-q04… ERROR: ORA-00932: inconsistent datatypes: expected - got CLOB
Help: https://docs.oracle.com/error-help/db/ora-00932/
  [C] pred_cols: 12 predicate columns from workload YAML across 18 tables
  [C] collecting stats StatusType… ok  (row_count=5)
  [C] collecting stats TaxRate… ok  (row_count=320)
  [C] collecting stats TradeType… ok  (row_count=5)
  [C] collecting stats Industry… ok  (row_count=102)
  [C] collecting stats DimDate… ok  (row_count=3,652)
  [C] collecting stats DimTime… ok  (row_count=86,400)
  [C] collecting stats DimCompany… ok  (row_count=400)
  [C] collecting stats DimBroker… ok  (row_count=100)
  [C] collecting stats DimCustomer… ok  (row_count=950)
  [C] collecting stats DimMessage… ok  (row_count=500)
  [C] collecting stats DimSecurity… ok  (row_count=685)
  [C] collecting stats Financial… ok  (row_count=3,200)
  [C] collecting stats DimAccount… ok  (row_count=1,500)
  [C] collecting stats FactMarketHistory… ok  (row_count=57,000)
  [C] collecting stats FactWatches… ok  (row_count=5,000)
  [C] collecting stats DimTrade… ok  (row_count=46,000)
  [C] collecting stats FactCashBalances… ok  (row_count=2,500)
  [C] collecting stats FactHoldings… ok  (row_count=3,000)
  [D] Creating tables in schema 'tpcdi_tgt'… done
  [D]   synthetic StatusType                         5 rows… 3.05s
  [D]   synthetic TaxRate                          320 rows… 0.58s
  [D]   synthetic TradeType                          5 rows… 0.63s
  [D]   synthetic Industry                         102 rows… 0.43s
  [D]   synthetic DimDate                        3,652 rows… 3.23s
  [D]   synthetic DimTime                       86,400 rows… 40.78s
  [D]   synthetic DimCompany                       400 rows… 1.18s
  [D]   synthetic DimBroker                        100 rows… 0.85s
  [D]   synthetic DimCustomer                      950 rows… 1.42s
  [D]   synthetic DimMessage                       500 rows… 0.69s
  [D]   synthetic DimSecurity                      685 rows… 0.56s
  [D]   synthetic Financial                      3,200 rows… 0.71s
  [D]   synthetic DimAccount                     1,500 rows… 1.43s
  [D]   synthetic FactMarketHistory             57,000 rows… 13.50s
  [D]   synthetic FactWatches                    5,000 rows… 2.80s
  [D]   synthetic DimTrade                      46,000 rows… 42.89s
  [D]   synthetic FactCashBalances               2,500 rows… 2.00s
  [D]   synthetic FactHoldings                   3,000 rows… 2.84s
  [D] Updating statistics in 'tpcdi_tgt'… done (native ANALYZE)
  [C.5] Collecting target stats for fidelity check…
  [C] collecting stats StatusType… ok  (row_count=5)
  [C] collecting stats TaxRate… ok  (row_count=320)
  [C] collecting stats TradeType… ok  (row_count=5)
  [C] collecting stats Industry… ok  (row_count=102)
  [C] collecting stats DimDate… ok  (row_count=3,652)
  [C] collecting stats DimTime… ok  (row_count=86,400)
  [C] collecting stats DimCompany… ok  (row_count=400)
  [C] collecting stats DimBroker… ok  (row_count=100)
  [C] collecting stats DimCustomer… ok  (row_count=950)
  [C] collecting stats DimMessage… ok  (row_count=500)
  [C] collecting stats DimSecurity… ok  (row_count=685)
  [C] collecting stats Financial… ok  (row_count=3,200)
  [C] collecting stats DimAccount… ok  (row_count=1,500)
  [C] collecting stats FactMarketHistory… ok  (row_count=57,000)
  [C] collecting stats FactWatches… ok  (row_count=5,000)
  [C] collecting stats DimTrade… ok  (row_count=46,000)
  [C] collecting stats FactCashBalances… ok  (row_count=2,500)
  [C] collecting stats FactHoldings… ok  (row_count=3,000)
  [C.5] stats fidelity: ndistinct_w2x=0.957  range_covered=1.000  null_match=1.000
  [B] EXPLAIN tpcdi-q01… ERROR: ORA-00932: inconsistent datatypes: expected - got CLOB
Help: https://docs.oracle.com/error-help/db/ora-00932/
  [B] EXPLAIN tpcdi-q02… ERROR: ORA-00932: inconsistent datatypes: expected - got CLOB
Help: https://docs.oracle.com/error-help/db/ora-00932/
  [B] EXPLAIN tpcdi-q03… ERROR: ORA-00932: inconsistent datatypes: expected - got CLOB
Help: https://docs.oracle.com/error-help/db/ora-00932/
  [B] EXPLAIN tpcdi-q04… ERROR: ORA-00932: inconsistent datatypes: expected - got CLOB
Help: https://docs.oracle.com/error-help/db/ora-00932/

======================================================================
  Identity Test Result
  schema=tpcdi  dialect=oracle  sf=1.0
  source=tpcdi_src  target=tpcdi_tgt
======================================================================
  stats_fidelity: ndistinct_w2x=0.957  range_covered=1.000  null_match=1.000

  node_jaccard  : 0.000  (threshold ≥ 0.7)
  within_2x     : 0.000  (threshold ≥ 0.5)
  within_10x    : 0.000


  Overall: FAIL ✗  (mean_node_jaccard 0.000 < threshold 0.7)
    A_load_source             180.68s
    B_baseline_explain        0.54s
    C_collect_stats           113.20s
    D_build_target            189.66s
    C5_target_stats_fidelity  60.48s
    E_replay_explain          0.30s
======================================================================

  Result saved → benchmarks/results/20260327-035114-identity-tpcdi-sf1.0-oracle.json

