  [C] Auto-selected profile 'standard' for source dialect 'cockroachdb'
  [A] Creating tables in schema 'tpcc_src'… done
  [A]   loading item                         100,000 rows… 8.37s
  [A]   loading warehouse                          1 rows… 0.04s
  [A]   loading district                          10 rows… 0.02s
  [A]   loading stock                        100,000 rows… 27.23s
  [A]   loading customer                      30,000 rows… 4.40s
  [A]   loading history                       30,000 rows… 1.82s
  [A]   loading orders                        30,000 rows… 0.78s
  [A]   loading new_order                      9,000 rows… 0.18s
  [A]   loading order_line                   300,000 rows… 9.45s
  [A] Running ANALYZE on 'tpcc_src'… done
  [A.6] No literal predicates on dimension columns found — skipping FK range inference
  [B] EXPLAIN tpcc-q01… ok
  [B] EXPLAIN tpcc-q02… ok
  [B] EXPLAIN tpcc-q03… ok
  [B] EXPLAIN tpcc-q04… ok
  [C] pred_cols: 14 predicate columns from workload YAML across 9 tables
  [C] collecting stats item… ok  (row_count=100,000)
  [C] collecting stats warehouse… ok  (row_count=1)
  [C] collecting stats district… ok  (row_count=10)
  [C] collecting stats stock… ok  (row_count=100,000)
  [C] collecting stats customer… ok  (row_count=30,000)
  [C] collecting stats history… ok  (row_count=30,000)
  [C] collecting stats orders… ok  (row_count=30,000)
  [C] collecting stats new_order… ok  (row_count=9,000)
  [C] collecting stats order_line… ok  (row_count=300,000)
  [D] Creating tables in schema 'tpcc_tgt'… done
  [D]   synthetic item                         100,000 rows… 5.52s
  [D]   synthetic warehouse                          1 rows… 0.03s
  [D]   synthetic district                          10 rows… 0.04s
  [D]   synthetic stock                        100,000 rows… 13.12s
  [D]   synthetic customer                      30,000 rows… 3.20s
  [D]   synthetic history                       30,000 rows… 1.32s
  [D]   synthetic orders                        30,000 rows… 0.95s
  [D]   synthetic new_order                      9,000 rows… 0.13s
  [D]   synthetic order_line                   300,000 rows… 9.87s
  [D] Updating statistics in 'tpcc_tgt'… 
  [D] pg_restore_attribute_stats unavailable (pg_restore_attribute_stats not found. PostgreSQL 18+ is required for stats injection.); running ANALYZE… done
  [C.5] Collecting target stats for fidelity check…
  [C] collecting stats item… ok  (row_count=100,000)
  [C] collecting stats warehouse… ok  (row_count=1)
  [C] collecting stats district… ok  (row_count=10)
  [C] collecting stats stock… ok  (row_count=100,000)
  [C] collecting stats customer… ok  (row_count=30,000)
  [C] collecting stats history… ok  (row_count=30,000)
  [C] collecting stats orders… ok  (row_count=30,000)
  [C] collecting stats new_order… ok  (row_count=9,000)
  [C] collecting stats order_line… ok  (row_count=300,000)
  [C.5] stats fidelity: ndistinct_w2x=0.951  range_covered=0.000  null_match=1.000
  [B] EXPLAIN tpcc-q01… ok
  [B] EXPLAIN tpcc-q02… ok
  [B] EXPLAIN tpcc-q03… ok
  [B] EXPLAIN tpcc-q04… ok

======================================================================
  Identity Test Result
  schema=tpcc  dialect=cockroachdb  sf=1.0
  source=tpcc_src  target=tpcc_tgt
======================================================================
  stats_fidelity: ndistinct_w2x=0.951  range_covered=0.000  null_match=1.000

  node_jaccard  : 1.000  (threshold ≥ 0.7)
  within_2x     : 0.929  (threshold ≥ 0.5)
  within_10x    : 0.964

  tpcc-q01              jaccard=1.00  within_2x=1.00  nodes: 3→3
  tpcc-q02              jaccard=1.00  within_2x=1.00  nodes: 5→5
  tpcc-q03              jaccard=1.00  within_2x=1.00  nodes: 4→4
  tpcc-q04              jaccard=1.00  within_2x=0.71  nodes: 7→7

  Overall: PASS ✓
    A_load_source             59.67s
    A5_source_extended_stats  0.00s
    A6_fk_range_inference     0.06s
    B_baseline_explain        0.22s
    C_collect_stats           8.05s
    D_build_target            288.67s
    C5_target_stats_fidelity  23.68s
    E_replay_explain          0.15s
======================================================================

  Result saved → benchmarks/results/20260327-063615-identity-tpcc-sf1.0-cockroachdb.json

