  [C] Auto-selected profile 'thorough' for source dialect 'db2'
  [A] Creating tables in schema 'tpcds_src'… done
  [A]   loading date_dim                      73,049 rows… 198.33s
  [A]   loading time_dim                      86,400 rows… 40.07s
  [A]   loading customer_demographics      1,920,800 rows… 682.14s
  [A]   loading income_band                       20 rows… 1.53s
  [A]   loading reason                            55 rows… 1.53s
  [A]   loading ship_mode                         20 rows… 1.52s
  [A]   loading item                             180 rows… 1.02s
  [A]   loading warehouse                          5 rows… 1.60s
  [A]   loading store                             12 rows… 1.61s
  [A]   loading call_center                        6 rows… 1.57s
  [A]   loading customer_address                 500 rows… 2.23s
  [A]   loading catalog_page                     117 rows… 1.68s
  [A]   loading web_site                          54 rows… 1.67s
  [A]   loading web_page                          20 rows… 0.71s
  [A]   loading household_demographics         7,200 rows… 2.80s
  [A]   loading promotion                          3 rows… 1.58s
  [A]   loading inventory                    117,450 rows… 13.64s
  [A]   loading customer                       1,000 rows… 5.12s
  [A]   loading store_sales                   28,804 rows… 56.07s
  [A]   loading catalog_sales                 14,415 rows… 59.30s
  [A]   loading web_sales                      7,193 rows… 30.45s
  [A]   loading store_returns                  2,875 rows… 7.71s
  [A]   loading catalog_returns                1,440 rows… 6.93s
  [A]   loading web_returns                      717 rows… 2.65s
  [A] Running ANALYZE on 'tpcds_src'… done
  [B] EXPLAIN tpcds-q01… ok
  [B] EXPLAIN tpcds-q02… ok
  [B] EXPLAIN tpcds-q03… ok
  [B] EXPLAIN tpcds-q04… ok
  [C] pred_cols: 9 predicate columns from workload YAML across 24 tables
  [C] collecting stats date_dim… ok  (row_count=73,049)
  [C] collecting stats time_dim… ok  (row_count=86,400)
  [C] collecting stats customer_demographics… ok  (row_count=1,920,800)
  [C] collecting stats income_band… ok  (row_count=20)
  [C] collecting stats reason… ok  (row_count=55)
  [C] collecting stats ship_mode… ok  (row_count=20)
  [C] collecting stats item… ok  (row_count=180)
  [C] collecting stats warehouse… ok  (row_count=5)
  [C] collecting stats store… ok  (row_count=12)
  [C] collecting stats call_center… ok  (row_count=6)
  [C] collecting stats customer_address… ok  (row_count=500)
  [C] collecting stats catalog_page… ok  (row_count=117)
  [C] collecting stats web_site… ok  (row_count=54)
  [C] collecting stats web_page… ok  (row_count=20)
  [C] collecting stats household_demographics… ok  (row_count=7,200)
  [C] collecting stats promotion… ok  (row_count=3)
  [C] collecting stats inventory… ok  (row_count=117,450)
  [C] collecting stats customer… ok  (row_count=1,000)
  [C] collecting stats store_sales… ok  (row_count=28,804)
  [C] collecting stats catalog_sales… ok  (row_count=14,415)
  [C] collecting stats web_sales… ok  (row_count=7,193)
  [C] collecting stats store_returns… ok  (row_count=2,875)
  [C] collecting stats catalog_returns… ok  (row_count=1,440)
  [C] collecting stats web_returns… ok  (row_count=717)
  [D] Creating tables in schema 'tpcds_tgt'… done
  [D]   synthetic date_dim                      73,049 rows… 195.77s
  [D]   synthetic time_dim                      86,400 rows… 36.59s
  [D]   synthetic customer_demographics      1,920,800 rows… 649.46s
  [D]   synthetic income_band                       20 rows… 1.62s
  [D]   synthetic reason                            55 rows… 1.51s
  [D]   synthetic ship_mode                         20 rows… 0.48s
  [D]   synthetic item                             180 rows… 1.84s
  [D]   synthetic warehouse                          5 rows… 1.47s
  [D]   synthetic store                             12 rows… 1.57s
  [D]   synthetic call_center                        6 rows… 1.64s
  [D]   synthetic customer_address                 500 rows… 2.33s
  [D]   synthetic catalog_page                     117 rows… 1.52s
  [D]   synthetic web_site                          54 rows… 1.61s
  [D]   synthetic web_page                          20 rows… 1.56s
  [D]   synthetic household_demographics         7,200 rows… 2.95s
  [D]   synthetic promotion                          3 rows… 1.56s
  [D]   synthetic inventory                    117,450 rows… 12.64s
  [D]   synthetic customer                       1,000 rows… 5.22s
  [D]   synthetic store_sales                   28,804 rows… 55.60s
  [D]   synthetic catalog_sales                 14,415 rows… 58.89s
  [D]   synthetic web_sales                      7,193 rows… 30.67s
  [D]   synthetic store_returns                  2,875 rows… 8.35s
  [D]   synthetic catalog_returns                1,440 rows… 7.61s
  [D]   synthetic web_returns                      717 rows… 3.61s
  [D] Updating statistics in 'tpcds_tgt'… done (native ANALYZE)
  [C.5] Collecting target stats for fidelity check…
  [C] collecting stats date_dim… ok  (row_count=73,049)
  [C] collecting stats time_dim… ok  (row_count=86,400)
  [C] collecting stats customer_demographics… ok  (row_count=1,920,800)
  [C] collecting stats income_band… ok  (row_count=20)
  [C] collecting stats reason… ok  (row_count=55)
  [C] collecting stats ship_mode… ok  (row_count=20)
  [C] collecting stats item… ok  (row_count=180)
  [C] collecting stats warehouse… ok  (row_count=5)
  [C] collecting stats store… ok  (row_count=12)
  [C] collecting stats call_center… ok  (row_count=6)
  [C] collecting stats customer_address… ok  (row_count=500)
  [C] collecting stats catalog_page… ok  (row_count=117)
  [C] collecting stats web_site… ok  (row_count=54)
  [C] collecting stats web_page… ok  (row_count=20)
  [C] collecting stats household_demographics… ok  (row_count=7,200)
  [C] collecting stats promotion… ok  (row_count=3)
  [C] collecting stats inventory… ok  (row_count=117,450)
  [C] collecting stats customer… ok  (row_count=1,000)
  [C] collecting stats store_sales… ok  (row_count=28,804)
  [C] collecting stats catalog_sales… ok  (row_count=14,415)
  [C] collecting stats web_sales… ok  (row_count=7,193)
  [C] collecting stats store_returns… ok  (row_count=2,875)
  [C] collecting stats catalog_returns… ok  (row_count=1,440)
  [C] collecting stats web_returns… ok  (row_count=717)
  [C.5] stats fidelity: ndistinct_w2x=0.882  range_covered=0.950  null_match=1.000
  [B] EXPLAIN tpcds-q01… ok
  [B] EXPLAIN tpcds-q02… ok
  [B] EXPLAIN tpcds-q03… ok
  [B] EXPLAIN tpcds-q04… ok

======================================================================
  Identity Test Result
  schema=tpcds  dialect=db2  sf=0.01
  source=tpcds_src  target=tpcds_tgt
======================================================================
  stats_fidelity: ndistinct_w2x=0.882  range_covered=0.950  null_match=1.000
    ⚠  date_dim: only 18% of columns have matching n_distinct (target stats may not reflect source)
    ⚠  time_dim: only 30% of columns have matching n_distinct (target stats may not reflect source)
    ⚠  customer_demographics: only 11% of columns have matching n_distinct (target stats may not reflect source)
    ⚠  inventory: only 0% of columns have matching n_distinct (target stats may not reflect source)

  node_jaccard  : 1.000  (threshold ≥ 0.7)
  within_2x     : 1.000  (threshold ≥ 0.5)
  within_10x    : 1.000

  tpcds-q01             jaccard=1.00  within_2x=1.00  nodes: 1→1
  tpcds-q02             jaccard=1.00  within_2x=1.00  nodes: 1→1
  tpcds-q03             jaccard=1.00  within_2x=1.00  nodes: 1→1
  tpcds-q04             jaccard=1.00  within_2x=1.00  nodes: 1→1

  Overall: PASS ✓
    A_load_source             1470.68s
    B_baseline_explain        0.16s
    C_collect_stats           105.76s
    D_build_target            1097.71s
    C5_target_stats_fidelity  368.63s
    E_replay_explain          0.16s
======================================================================

  Result saved → benchmarks/results/20260327-080417-identity-tpcds-sf0.01-db2.json

