  [C] Auto-selected profile 'standard' for source dialect 'cockroachdb'
  [A] Creating tables in schema 'tpcdi_src'… done
  [A]   loading StatusType                         5 rows… 0.01s
  [A]   loading TaxRate                          320 rows… 0.02s
  [A]   loading TradeType                          5 rows… 0.01s
  [A]   loading Industry                         102 rows… 0.01s
  [A]   loading DimDate                        3,652 rows… 0.19s
  [A]   loading DimTime                       86,400 rows… 1.84s
  [A]   loading DimCompany                     2,000 rows… 0.17s
  [A]   loading DimBroker                        500 rows… 0.03s
  [A]   loading DimCustomer                    4,750 rows… 0.58s
  [A]   loading DimMessage                     2,500 rows… 0.07s
  [A]   loading DimSecurity                    3,425 rows… 0.12s
  [A]   loading Financial                     16,000 rows… 0.40s
  [A]   loading DimAccount                     7,500 rows… 0.17s
  [A]   loading FactMarketHistory            285,000 rows… 5.38s
  [A]   loading FactWatches                   25,000 rows… 0.24s
  [A]   loading DimTrade                     230,000 rows… 7.99s
  [A]   loading FactCashBalances              12,500 rows… 0.13s
  [A]   loading FactHoldings                  15,000 rows… 0.26s
  [A] Running ANALYZE on 'tpcdi_src'… done
  [A.6] No literal predicates on dimension columns found — skipping FK range inference
  [B] EXPLAIN tpcdi-q01… ok
  [B] EXPLAIN tpcdi-q02… ok
  [B] EXPLAIN tpcdi-q03… ok
  [B] EXPLAIN tpcdi-q04… ok
  [C] pred_cols: 12 predicate columns from workload YAML across 18 tables
  [C] collecting stats StatusType… ok  (row_count=5)
  [C] collecting stats TaxRate… ok  (row_count=320)
  [C] collecting stats TradeType… ok  (row_count=5)
  [C] collecting stats Industry… ok  (row_count=102)
  [C] collecting stats DimDate… ok  (row_count=3,652)
  [C] collecting stats DimTime… ok  (row_count=86,400)
  [C] collecting stats DimCompany… ok  (row_count=2,000)
  [C] collecting stats DimBroker… ok  (row_count=500)
  [C] collecting stats DimCustomer… ok  (row_count=4,750)
  [C] collecting stats DimMessage… ok  (row_count=2,500)
  [C] collecting stats DimSecurity… ok  (row_count=3,425)
  [C] collecting stats Financial… ok  (row_count=16,000)
  [C] collecting stats DimAccount… ok  (row_count=7,500)
  [C] collecting stats FactMarketHistory… ok  (row_count=285,000)
  [C] collecting stats FactWatches… ok  (row_count=25,000)
  [C] collecting stats DimTrade… ok  (row_count=230,000)
  [C] collecting stats FactCashBalances… ok  (row_count=12,500)
  [C] collecting stats FactHoldings… ok  (row_count=15,000)
  [D] Creating tables in schema 'tpcdi_tgt'… done
  [D]   synthetic StatusType                         5 rows… 0.01s
  [D]   synthetic TaxRate                          320 rows… 0.01s
  [D]   synthetic TradeType                          5 rows… 0.01s
  [D]   synthetic Industry                         102 rows… 0.01s
  [D]   synthetic DimDate                        3,652 rows… 0.15s
  [D]   synthetic DimTime                       86,400 rows… 1.66s
  [D]   synthetic DimCompany                     2,000 rows… 0.09s
  [D]   synthetic DimBroker                        500 rows… 0.02s
  [D]   synthetic DimCustomer                    4,750 rows… 0.26s
  [D]   synthetic DimMessage                     2,500 rows… 0.05s
  [D]   synthetic DimSecurity                    3,425 rows… 0.09s
  [D]   synthetic Financial                     16,000 rows… 0.30s
  [D]   synthetic DimAccount                     7,500 rows… 0.12s
  [D]   synthetic FactMarketHistory            285,000 rows… 4.15s
  [D]   synthetic FactWatches                   25,000 rows… 0.21s
  [D]   synthetic DimTrade                     230,000 rows… 5.08s
  [D]   synthetic FactCashBalances              12,500 rows… 0.09s
  [D]   synthetic FactHoldings                  15,000 rows… 0.15s
  [D] Updating statistics in 'tpcdi_tgt'… 
  [D] pg_restore_attribute_stats unavailable (pg_restore_attribute_stats not found. PostgreSQL 18+ is required for stats injection.); running ANALYZE… done
  [C.5] Collecting target stats for fidelity check…
  [C] collecting stats StatusType… ok  (row_count=5)
  [C] collecting stats TaxRate… ok  (row_count=320)
  [C] collecting stats TradeType… ok  (row_count=5)
  [C] collecting stats Industry… ok  (row_count=102)
  [C] collecting stats DimDate… ok  (row_count=3,652)
  [C] collecting stats DimTime… ok  (row_count=86,400)
  [C] collecting stats DimCompany… ok  (row_count=2,000)
  [C] collecting stats DimBroker… ok  (row_count=500)
  [C] collecting stats DimCustomer… ok  (row_count=4,750)
  [C] collecting stats DimMessage… ok  (row_count=2,500)
  [C] collecting stats DimSecurity… ok  (row_count=3,425)
  [C] collecting stats Financial… ok  (row_count=16,000)
  [C] collecting stats DimAccount… ok  (row_count=7,500)
  [C] collecting stats FactMarketHistory… ok  (row_count=285,000)
  [C] collecting stats FactWatches… ok  (row_count=25,000)
  [C] collecting stats DimTrade… ok  (row_count=230,000)
  [C] collecting stats FactCashBalances… ok  (row_count=12,500)
  [C] collecting stats FactHoldings… ok  (row_count=15,000)
  [C.5] stats fidelity: ndistinct_w2x=0.615  range_covered=0.000  null_match=0.996
  [B] EXPLAIN tpcdi-q01… ok
  [B] EXPLAIN tpcdi-q02… ok
  [B] EXPLAIN tpcdi-q03… ok
  [B] EXPLAIN tpcdi-q04… ok

======================================================================
  Identity Test Result
  schema=tpcdi  dialect=cockroachdb  sf=5.0
  source=tpcdi_src  target=tpcdi_tgt
======================================================================
  stats_fidelity: ndistinct_w2x=0.615  range_covered=0.000  null_match=0.996
    ⚠  DimDate: only 50% of columns have matching n_distinct (target stats may not reflect source)
    ⚠  DimTime: only 64% of columns have matching n_distinct (target stats may not reflect source)
    ⚠  DimCompany: only 52% of columns have matching n_distinct (target stats may not reflect source)
    ⚠  DimBroker: only 57% of columns have matching n_distinct (target stats may not reflect source)
    ⚠  DimCustomer: only 36% of columns have matching n_distinct (target stats may not reflect source)
    ⚠  DimMessage: only 71% of columns have matching n_distinct (target stats may not reflect source)
    ⚠  DimSecurity: only 62% of columns have matching n_distinct (target stats may not reflect source)
    ⚠  FactMarketHistory: only 53% of columns have matching n_distinct (target stats may not reflect source)
    ⚠  DimTrade: only 68% of columns have matching n_distinct (target stats may not reflect source)
    ⚠  FactCashBalances: only 67% of columns have matching n_distinct (target stats may not reflect source)

  node_jaccard  : 1.000  (threshold ≥ 0.7)
  within_2x     : 1.000  (threshold ≥ 0.5)
  within_10x    : 1.000

  tpcdi-q01             jaccard=1.00  within_2x=1.00  nodes: 6→6
  tpcdi-q02             jaccard=1.00  within_2x=1.00  nodes: 3→3
  tpcdi-q03             jaccard=1.00  within_2x=1.00  nodes: 8→8
  tpcdi-q04             jaccard=1.00  within_2x=1.00  nodes: 3→3

  Overall: PASS ✓
    A_load_source             21.86s
    A5_source_extended_stats  0.00s
    A6_fk_range_inference     0.01s
    B_baseline_explain        0.05s
    C_collect_stats           21.49s
    D_build_target            16.67s
    C5_target_stats_fidelity  16.47s
    E_replay_explain          0.03s
======================================================================

  Result saved → benchmarks/results/20260327-082323-identity-tpcdi-sf5.0-cockroachdb.json

