  [A] Creating tables in schema 'tpce_src'… done
  [A]   loading exchange                           4 rows… 0.00s
  [A]   loading sector                            12 rows… 0.01s
  [A]   loading status_type                        5 rows… 0.00s
  [A]   loading trade_type                         5 rows… 0.00s
  [A]   loading taxrate                          320 rows… 0.00s
  [A]   loading charge                            15 rows… 0.00s
  [A]   loading commission_rate                  240 rows… 0.01s
  [A]   loading zip_code                      14,741 rows… 0.05s
  [A]   loading address                       13,333 rows… 0.61s
  [A]   loading news_item                        200 rows… 0.02s
  [A]   loading industry                         102 rows… 0.01s
  [A]   loading broker                            10 rows… 0.01s
  [A]   loading customer                      10,000 rows… 1.16s
  [A]   loading company                           50 rows… 0.02s
  [A]   loading customer_taxrate              30,000 rows… 0.19s
  [A]   loading customer_account              50,000 rows… 1.83s
  [A]   loading watch_list                    10,000 rows… 0.13s
  [A]   loading company_competitor               150 rows… 0.02s
  [A]   loading security                          68 rows… 0.01s
  [A]   loading financial                      1,000 rows… 0.08s
  [A]   loading news_xref                        600 rows… 0.05s
  [A]   loading account_permission            75,000 rows… 2.79s
  [A]   loading watch_item                   150,000 rows… 1.39s
  [A]   loading daily_market                 125,027 rows… 2.74s
  [A]   loading last_trade                        68 rows… 0.01s
  [A]   loading trade                         33,387 rows… 1.26s
  [A]   loading holding_summary               38,000 rows… 0.21s
  [A]   loading trade_history                100,000 rows… 1.32s
  [A]   loading trade_request                  1,000 rows… 0.03s
  [A]   loading holding                       50,000 rows… 0.93s
  [A]   loading cash_transaction              33,387 rows… 1.99s
  [A]   loading holding_history              100,000 rows… 0.96s
  [A] Running ANALYZE on 'tpce_src'… done
  [A.5] Found 7 column pairs across 5 tables; creating statistics… done (7 created)
  [A.5] Running ANALYZE for extended stats… done
  [A.6] No literal predicates on dimension columns found — skipping FK range inference
  [B] EXPLAIN tpce-q01… ok
  [B] EXPLAIN tpce-q02… ok
  [B] EXPLAIN tpce-q03… ok
  [B] EXPLAIN tpce-q04… ok
  [C] collecting stats exchange… ok  (row_count=4)
  [C] collecting stats sector… ok  (row_count=12)
  [C] collecting stats status_type… ok  (row_count=5)
  [C] collecting stats trade_type… ok  (row_count=5)
  [C] collecting stats taxrate… ok  (row_count=320)
  [C] collecting stats charge… ok  (row_count=15)
  [C] collecting stats commission_rate… ok  (row_count=240)
  [C] collecting stats zip_code… ok  (row_count=14,741)
  [C] collecting stats address… ok  (row_count=13,333)
  [C] collecting stats news_item… ok  (row_count=200)
  [C] collecting stats industry… ok  (row_count=102)
  [C] collecting stats broker… ok  (row_count=10)
  [C] collecting stats customer… ok  (row_count=10,000)
  [C] collecting stats company… ok  (row_count=50)
  [C] collecting stats customer_taxrate… ok  (row_count=30,000)
  [C] collecting stats customer_account… ok  (row_count=50,000)
  [C] collecting stats watch_list… ok  (row_count=10,000)
  [C] collecting stats company_competitor… ok  (row_count=150)
  [C] collecting stats security… ok  (row_count=68)
  [C] collecting stats financial… ok  (row_count=1,000)
  [C] collecting stats news_xref… ok  (row_count=600)
  [C] collecting stats account_permission… ok  (row_count=75,000)
  [C] collecting stats watch_item… ok  (row_count=150,000)
  [C] collecting stats daily_market… ok  (row_count=125,027)
  [C] collecting stats last_trade… ok  (row_count=68)
  [C] collecting stats trade… ok  (row_count=33,387)
  [C] collecting stats holding_summary… ok  (row_count=38,000)
  [C] collecting stats trade_history… ok  (row_count=100,000)
  [C] collecting stats trade_request… ok  (row_count=1,000)
  [C] collecting stats holding… ok  (row_count=50,000)
  [C] collecting stats cash_transaction… ok  (row_count=33,387)
  [C] collecting stats holding_history… ok  (row_count=100,000)
  [D] Creating tables in schema 'tpce_tgt'… done
  [D]   synthetic exchange                           4 rows… 0.03s
  [D]   synthetic sector                            12 rows… 0.01s
  [D]   synthetic status_type                        5 rows… 0.01s
  [D]   synthetic trade_type                         5 rows… 0.01s
  [D]   synthetic taxrate                          320 rows… 0.02s
  [D]   synthetic charge                            15 rows… 0.01s
  [D]   synthetic commission_rate                  240 rows… 0.01s
  [D]   synthetic zip_code                      14,741 rows… 0.10s
  [D]   synthetic address                       13,333 rows… 1.24s
  [D]   synthetic news_item                        200 rows… 0.06s
  [D]   synthetic industry                         102 rows… 0.02s
  [D]   synthetic broker                            10 rows… 0.01s
  [D]   synthetic customer                      10,000 rows… 1.36s
  [D]   synthetic company                           50 rows… 0.02s
  [D]   synthetic customer_taxrate              30,000 rows… 0.28s
  [D]   synthetic customer_account              50,000 rows… 1.34s
  [D]   synthetic watch_list                    10,000 rows… 0.10s
  [D]   synthetic company_competitor               150 rows… 0.02s
  [D]   synthetic security                          68 rows… 0.02s
  [D]   synthetic financial                      1,000 rows… 0.05s
  [D]   synthetic news_xref                        600 rows… 0.02s
  [D]   synthetic account_permission            75,000 rows… 3.36s
  [D]   synthetic watch_item                   150,000 rows… 1.40s
  [D]   synthetic daily_market                 125,027 rows… 1.92s
  [D]   synthetic last_trade                        68 rows… 0.02s
  [D]   synthetic trade                         33,387 rows… 1.48s
  [D]   synthetic holding_summary               38,000 rows… 0.28s
  [D]   synthetic trade_history                100,000 rows… 0.80s
  [D]   synthetic trade_request                  1,000 rows… 0.02s
  [D]   synthetic holding                       50,000 rows… 0.82s
  [D]   synthetic cash_transaction              33,387 rows… 1.12s
  [D]   synthetic holding_history              100,000 rows… 0.71s
  [D] Updating statistics in 'tpce_tgt'… done
  [D.5] Creating extended statistics in 'tpce_tgt'… done (7 created)
  [D.5] Analyzing target tables for extended stats… done
  [D.5] Re-injecting single-column stats after ANALYZE… done
  [C.5] Collecting target stats for fidelity check…
  [C] collecting stats exchange… ok  (row_count=4)
  [C] collecting stats sector… ok  (row_count=12)
  [C] collecting stats status_type… ok  (row_count=5)
  [C] collecting stats trade_type… ok  (row_count=5)
  [C] collecting stats taxrate… ok  (row_count=320)
  [C] collecting stats charge… ok  (row_count=15)
  [C] collecting stats commission_rate… ok  (row_count=240)
  [C] collecting stats zip_code… ok  (row_count=14,741)
  [C] collecting stats address… ok  (row_count=13,333)
  [C] collecting stats news_item… ok  (row_count=200)
  [C] collecting stats industry… ok  (row_count=102)
  [C] collecting stats broker… ok  (row_count=10)
  [C] collecting stats customer… ok  (row_count=10,000)
  [C] collecting stats company… ok  (row_count=50)
  [C] collecting stats customer_taxrate… ok  (row_count=30,000)
  [C] collecting stats customer_account… ok  (row_count=50,000)
  [C] collecting stats watch_list… ok  (row_count=10,000)
  [C] collecting stats company_competitor… ok  (row_count=150)
  [C] collecting stats security… ok  (row_count=68)
  [C] collecting stats financial… ok  (row_count=1,000)
  [C] collecting stats news_xref… ok  (row_count=600)
  [C] collecting stats account_permission… ok  (row_count=75,000)
  [C] collecting stats watch_item… ok  (row_count=150,000)
  [C] collecting stats daily_market… ok  (row_count=125,027)
  [C] collecting stats last_trade… ok  (row_count=68)
  [C] collecting stats trade… ok  (row_count=33,387)
  [C] collecting stats holding_summary… ok  (row_count=38,000)
  [C] collecting stats trade_history… ok  (row_count=100,000)
  [C] collecting stats trade_request… ok  (row_count=1,000)
  [C] collecting stats holding… ok  (row_count=50,000)
  [C] collecting stats cash_transaction… ok  (row_count=33,387)
  [C] collecting stats holding_history… ok  (row_count=100,000)
  [C.5] stats fidelity: ndistinct_w2x=1.000  range_covered=1.000  null_match=1.000
  [B] EXPLAIN tpce-q01… ok
  [B] EXPLAIN tpce-q02… ok
  [B] EXPLAIN tpce-q03… ok
  [B] EXPLAIN tpce-q04… ok

======================================================================
  Identity Test Result
  schema=tpce  dialect=postgres  sf=0.01
  source=tpce_src  target=tpce_tgt
======================================================================
  stats_fidelity: ndistinct_w2x=1.000  range_covered=1.000  null_match=1.000

  node_jaccard  : 1.000  (threshold ≥ 0.7)
  within_2x     : 1.000  (threshold ≥ 0.5)
  within_10x    : 1.000

  tpce-q01              jaccard=1.00  within_2x=1.00  nodes: 6→6
  tpce-q02              jaccard=1.00  within_2x=1.00  nodes: 7→7
  tpce-q03              jaccard=1.00  within_2x=1.00  nodes: 9→9
  tpce-q04              jaccard=1.00  within_2x=1.00  nodes: 10→10

  Overall: PASS ✓
    A_load_source             19.47s
    A5_source_extended_stats  0.51s
    A6_fk_range_inference     0.01s
    B_baseline_explain        0.06s
    C_collect_stats           6.51s
    D_build_target            17.88s
    D5_target_extended_stats  0.34s
    C5_target_stats_fidelity  3.39s
    E_replay_explain          0.04s
======================================================================

  Result saved → benchmarks/results/20260327-082047-identity-tpce-sf0.01-postgres.json

