  [C] Auto-selected profile 'thorough' for source dialect 'db2'
  [A] Creating tables in schema 'tpcb_src'… done
  [A]   loading branch                             1 rows… 15.96s
  [A]   loading teller                            10 rows… 3.38s
  [A]   loading account                      100,000 rows… 35.20s
  [A]   loading history                      100,000 rows… 23.75s
  [A] Running ANALYZE on 'tpcb_src'… done
  [B] EXPLAIN tpcb-q01… ok
  [B] EXPLAIN tpcb-q02… ok
  [B] EXPLAIN tpcb-q03… ok
  [B] EXPLAIN tpcb-q04… ok
  [C] pred_cols: 9 predicate columns from workload YAML across 4 tables
  [C] collecting stats branch… ok  (row_count=1)
  [C] collecting stats teller… ok  (row_count=10)
  [C] collecting stats account… ok  (row_count=100,000)
  [C] collecting stats history… ok  (row_count=100,000)
  [D] Creating tables in schema 'tpcb_tgt'… done
  [D]   synthetic branch                             1 rows… 2.12s
  [D]   synthetic teller                            10 rows… 2.06s
  [D]   synthetic account                      100,000 rows… 14.76s
  [D]   synthetic history                      100,000 rows… 22.89s
  [D] Updating statistics in 'tpcb_tgt'… done (native ANALYZE)
  [C.5] Collecting target stats for fidelity check…
  [C] collecting stats branch… ok  (row_count=1)
  [C] collecting stats teller… ok  (row_count=10)
  [C] collecting stats account… ok  (row_count=100,000)
  [C] collecting stats history… ok  (row_count=100,000)
  [C.5] stats fidelity: ndistinct_w2x=0.765  range_covered=0.769  null_match=1.000
  [B] EXPLAIN tpcb-q01… ok
  [B] EXPLAIN tpcb-q02… ok
  [B] EXPLAIN tpcb-q03… ok
  [B] EXPLAIN tpcb-q04… ok

======================================================================
  Identity Test Result
  schema=tpcb  dialect=db2  sf=1.0
  source=tpcb_src  target=tpcb_tgt
======================================================================
  stats_fidelity: ndistinct_w2x=0.765  range_covered=0.769  null_match=1.000
    ⚠  account: only 50% of columns have matching n_distinct (target stats may not reflect source)
    ⚠  history: only 67% of columns have matching n_distinct (target stats may not reflect source)

  node_jaccard  : 1.000  (threshold ≥ 0.7)
  within_2x     : 1.000  (threshold ≥ 0.5)
  within_10x    : 1.000

  tpcb-q01              jaccard=1.00  within_2x=1.00  nodes: 1→1
  tpcb-q02              jaccard=1.00  within_2x=1.00  nodes: 1→1
  tpcb-q03              jaccard=1.00  within_2x=1.00  nodes: 1→1
  tpcb-q04              jaccard=1.00  within_2x=1.00  nodes: 1→1

  Overall: PASS ✓
    A_load_source             83.35s
    B_baseline_explain        0.18s
    C_collect_stats           35.15s
    D_build_target            130.41s
    C5_target_stats_fidelity  43.09s
    E_replay_explain          0.27s
======================================================================

  Result saved → benchmarks/results/20260326-233154-identity-tpcb-sf1.0-db2.json

