  [C] Auto-selected profile 'thorough' for source dialect 'oracle'
  [A] Creating tables in schema 'tpcb_src'… done
  [A]   loading branch                             1 rows… 1.29s
  [A]   loading teller                            10 rows… 0.28s
  [A]   loading account                      100,000 rows… 3.38s
  [A]   loading history                      100,000 rows… 3.63s
  [A] Running ANALYZE on 'tpcb_src'… done
  [B] EXPLAIN tpcb-q01… ok
  [B] EXPLAIN tpcb-q02… ok
  [B] EXPLAIN tpcb-q03… ok
  [B] EXPLAIN tpcb-q04… ok
  [C] pred_cols: 9 predicate columns from workload YAML across 4 tables
  [C] collecting stats branch… ok  (row_count=1)
  [C] collecting stats teller… ok  (row_count=10)
  [C] collecting stats account… ok  (row_count=100,000)
  [C] collecting stats history… ok  (row_count=100,000)
  [D] Creating tables in schema 'tpcb_tgt'… done
  [D]   synthetic branch                             1 rows… 0.49s
  [D]   synthetic teller                            10 rows… 0.11s
  [D]   synthetic account                      100,000 rows… 1.22s
  [D]   synthetic history                      100,000 rows… 1.54s
  [D] Updating statistics in 'tpcb_tgt'… done (native ANALYZE)
  [C.5] Collecting target stats for fidelity check…
  [C] collecting stats branch… ok  (row_count=1)
  [C] collecting stats teller… ok  (row_count=10)
  [C] collecting stats account… ok  (row_count=100,000)
  [C] collecting stats history… ok  (row_count=100,000)
  [C.5] stats fidelity: ndistinct_w2x=0.765  range_covered=0.769  null_match=1.000
  [B] EXPLAIN tpcb-q01… ok
  [B] EXPLAIN tpcb-q02… ok
  [B] EXPLAIN tpcb-q03… ok
  [B] EXPLAIN tpcb-q04… ok

======================================================================
  Identity Test Result
  schema=tpcb  dialect=oracle  sf=1.0
  source=tpcb_src  target=tpcb_tgt
======================================================================
  stats_fidelity: ndistinct_w2x=0.765  range_covered=0.769  null_match=1.000
    ⚠  account: only 50% of columns have matching n_distinct (target stats may not reflect source)
    ⚠  history: only 67% of columns have matching n_distinct (target stats may not reflect source)

  node_jaccard  : 1.000  (threshold ≥ 0.7)
  within_2x     : 0.938  (threshold ≥ 0.5)
  within_10x    : 1.000

  tpcb-q01              jaccard=1.00  within_2x=1.00  nodes: 3→3
  tpcb-q02              jaccard=1.00  within_2x=1.00  nodes: 8→8
  tpcb-q03              jaccard=1.00  within_2x=0.75  nodes: 8→8
  tpcb-q04              jaccard=1.00  within_2x=1.00  nodes: 4→4

  Overall: PASS ✓
    A_load_source             43.84s
    B_baseline_explain        1.23s
    C_collect_stats           9.72s
    D_build_target            8.23s
    C5_target_stats_fidelity  2.38s
    E_replay_explain          0.37s
======================================================================

  Result saved → benchmarks/results/20260326-232808-identity-tpcb-sf1.0-oracle.json

