  [C] Auto-selected profile 'thorough' for source dialect 'db2'
  [A] Creating tables in schema 'tpcdi_src'… done
  [A]   loading StatusType                         5 rows… 0.09s
  [A]   loading TaxRate                          320 rows… 0.25s
  [A]   loading TradeType                          5 rows… 0.06s
  [A]   loading Industry                         102 rows… 0.12s
  [A]   loading DimDate                        3,652 rows… 11.49s
  [A]   loading DimTime                       86,400 rows… 46.36s
  [A]   loading DimCompany                       400 rows… 1.12s
  [A]   loading DimBroker                        100 rows… 0.22s
  [A]   loading DimCustomer                      950 rows… 9.00s
  [A]   loading DimMessage                       500 rows… 0.36s
  [A]   loading DimSecurity                      685 rows… 1.37s
  [A]   loading Financial                      3,200 rows… 7.18s
  [A]   loading DimAccount                     1,500 rows… 2.12s
  [A]   loading FactMarketHistory             57,000 rows… 49.59s
  [A]   loading FactWatches                    5,000 rows… 5.21s
  [A]   loading DimTrade                      46,000 rows… 83.10s
  [A]   loading FactCashBalances               2,500 rows… 4.19s
  [A]   loading FactHoldings                   3,000 rows… 5.93s
  [A] Running ANALYZE on 'tpcdi_src'… done
  [B] EXPLAIN tpcdi-q01… ok
  [B] EXPLAIN tpcdi-q02… ok
  [B] EXPLAIN tpcdi-q03… ok
  [B] EXPLAIN tpcdi-q04… ok
  [C] pred_cols: 12 predicate columns from workload YAML across 18 tables
  [C] collecting stats StatusType… ok  (row_count=5)
  [C] collecting stats TaxRate… ok  (row_count=320)
  [C] collecting stats TradeType… ok  (row_count=5)
  [C] collecting stats Industry… ok  (row_count=102)
  [C] collecting stats DimDate… ok  (row_count=3,652)
  [C] collecting stats DimTime… ok  (row_count=86,400)
  [C] collecting stats DimCompany… ok  (row_count=400)
  [C] collecting stats DimBroker… ok  (row_count=100)
  [C] collecting stats DimCustomer… ok  (row_count=950)
  [C] collecting stats DimMessage… ok  (row_count=500)
  [C] collecting stats DimSecurity… ok  (row_count=685)
  [C] collecting stats Financial… ok  (row_count=3,200)
  [C] collecting stats DimAccount… ok  (row_count=1,500)
  [C] collecting stats FactMarketHistory… ok  (row_count=57,000)
  [C] collecting stats FactWatches… ok  (row_count=5,000)
  [C] collecting stats DimTrade… ok  (row_count=46,000)
  [C] collecting stats FactCashBalances… ok  (row_count=2,500)
  [C] collecting stats FactHoldings… ok  (row_count=3,000)
  [D] Creating tables in schema 'tpcdi_tgt'… done
  [D]   synthetic StatusType                         5 rows… 2.35s
  [D]   synthetic TaxRate                          320 rows… 2.98s
  [D]   synthetic TradeType                          5 rows… 2.20s
  [D]   synthetic Industry                         102 rows… 2.05s
  [D]   synthetic DimDate                        3,652 rows… 9.97s
  [D]   synthetic DimTime                       86,400 rows… 46.61s
  [D]   synthetic DimCompany                       400 rows… 3.92s
  [D]   synthetic DimBroker                        100 rows… 2.43s
  [D]   synthetic DimCustomer                      950 rows… 10.76s
  [D]   synthetic DimMessage                       500 rows… 3.42s
  [D]   synthetic DimSecurity                      685 rows… 4.09s
  [D]   synthetic Financial                      3,200 rows… 7.66s
  [D]   synthetic DimAccount                     1,500 rows… 5.15s
  [D]   synthetic FactMarketHistory             57,000 rows… 51.56s
  [D]   synthetic FactWatches                    5,000 rows… 3.53s
  [D]   synthetic DimTrade                      46,000 rows… 84.22s
  [D]   synthetic FactCashBalances               2,500 rows… 3.53s
  [D]   synthetic FactHoldings                   3,000 rows… 4.69s
  [D] Updating statistics in 'tpcdi_tgt'… done (native ANALYZE)
  [C.5] Collecting target stats for fidelity check…
  [C] collecting stats StatusType… ok  (row_count=5)
  [C] collecting stats TaxRate… ok  (row_count=320)
  [C] collecting stats TradeType… ok  (row_count=5)
  [C] collecting stats Industry… ok  (row_count=102)
  [C] collecting stats DimDate… ok  (row_count=3,652)
  [C] collecting stats DimTime… ok  (row_count=86,400)
  [C] collecting stats DimCompany… ok  (row_count=400)
  [C] collecting stats DimBroker… ok  (row_count=100)
  [C] collecting stats DimCustomer… ok  (row_count=950)
  [C] collecting stats DimMessage… ok  (row_count=500)
  [C] collecting stats DimSecurity… ok  (row_count=685)
  [C] collecting stats Financial… ok  (row_count=3,200)
  [C] collecting stats DimAccount… ok  (row_count=1,500)
  [C] collecting stats FactMarketHistory… ok  (row_count=57,000)
  [C] collecting stats FactWatches… ok  (row_count=5,000)
  [C] collecting stats DimTrade… ok  (row_count=46,000)
  [C] collecting stats FactCashBalances… ok  (row_count=2,500)
  [C] collecting stats FactHoldings… ok  (row_count=3,000)
  [C.5] stats fidelity: ndistinct_w2x=0.861  range_covered=1.000  null_match=0.995
  [B] EXPLAIN tpcdi-q01… ok
  [B] EXPLAIN tpcdi-q02… ok
  [B] EXPLAIN tpcdi-q03… ok
  [B] EXPLAIN tpcdi-q04… ok

======================================================================
  Identity Test Result
  schema=tpcdi  dialect=db2  sf=1.0
  source=tpcdi_src  target=tpcdi_tgt
======================================================================
  stats_fidelity: ndistinct_w2x=0.861  range_covered=1.000  null_match=0.995
    ⚠  DimTime: only 40% of columns have matching n_distinct (target stats may not reflect source)
    ⚠  FactMarketHistory: only 50% of columns have matching n_distinct (target stats may not reflect source)
    ⚠  FactCashBalances: only 60% of columns have matching n_distinct (target stats may not reflect source)

  node_jaccard  : 1.000  (threshold ≥ 0.7)
  within_2x     : 1.000  (threshold ≥ 0.5)
  within_10x    : 1.000

  tpcdi-q01             jaccard=1.00  within_2x=1.00  nodes: 1→1
  tpcdi-q02             jaccard=1.00  within_2x=1.00  nodes: 1→1
  tpcdi-q03             jaccard=1.00  within_2x=1.00  nodes: 1→1
  tpcdi-q04             jaccard=1.00  within_2x=1.00  nodes: 1→1

  Overall: PASS ✓
    A_load_source             243.12s
    B_baseline_explain        0.62s
    C_collect_stats           326.93s
    D_build_target            257.73s
    C5_target_stats_fidelity  110.80s
    E_replay_explain          0.23s
======================================================================

  Result saved → benchmarks/results/20260327-054550-identity-tpcdi-sf1.0-db2.json

