WARNING src.statschema.dialects.db2.loader bulk_load_db2: ADMIN_CMD loaded 0/73049 rows; falling back to MULTI_ROW inserts
WARNING src.statschema.dialects.db2.loader bulk_load_db2: ADMIN_CMD loaded 0/86400 rows; falling back to MULTI_ROW inserts
WARNING src.statschema.dialects.db2.loader bulk_load_db2: ADMIN_CMD loaded 0/1920800 rows; falling back to MULTI_ROW inserts
WARNING src.statschema.dialects.db2.loader bulk_load_db2: ADMIN_CMD loaded 0/20 rows; falling back to MULTI_ROW inserts
WARNING src.statschema.dialects.db2.loader bulk_load_db2: ADMIN_CMD loaded 0/55 rows; falling back to MULTI_ROW inserts
WARNING src.statschema.dialects.db2.loader bulk_load_db2: ADMIN_CMD loaded 0/20 rows; falling back to MULTI_ROW inserts
WARNING src.statschema.dialects.db2.loader bulk_load_db2: ADMIN_CMD loaded 0/180 rows; falling back to MULTI_ROW inserts
WARNING src.statschema.dialects.db2.loader bulk_load_db2: ADMIN_CMD loaded 0/5 rows; falling back to MULTI_ROW inserts
WARNING src.statschema.dialects.db2.loader bulk_load_db2: ADMIN_CMD loaded 0/12 rows; falling back to MULTI_ROW inserts
WARNING src.statschema.dialects.db2.loader bulk_load_db2: ADMIN_CMD loaded 0/6 rows; falling back to MULTI_ROW inserts
WARNING src.statschema.dialects.db2.loader bulk_load_db2: ADMIN_CMD loaded 0/500 rows; falling back to MULTI_ROW inserts
WARNING src.statschema.dialects.db2.loader bulk_load_db2: ADMIN_CMD loaded 0/117 rows; falling back to MULTI_ROW inserts
WARNING src.statschema.dialects.db2.loader bulk_load_db2: ADMIN_CMD loaded 0/54 rows; falling back to MULTI_ROW inserts
WARNING src.statschema.dialects.db2.loader bulk_load_db2: ADMIN_CMD loaded 0/20 rows; falling back to MULTI_ROW inserts
WARNING src.statschema.dialects.db2.loader bulk_load_db2: ADMIN_CMD loaded 0/7200 rows; falling back to MULTI_ROW inserts
WARNING src.statschema.dialects.db2.loader bulk_load_db2: ADMIN_CMD loaded 0/3 rows; falling back to MULTI_ROW inserts
WARNING src.statschema.dialects.db2.loader bulk_load_db2: ADMIN_CMD loaded 0/117450 rows; falling back to MULTI_ROW inserts
WARNING src.statschema.dialects.db2.loader bulk_load_db2: ADMIN_CMD loaded 0/1000 rows; falling back to MULTI_ROW inserts
WARNING src.statschema.dialects.db2.loader bulk_load_db2: ADMIN_CMD loaded 0/28804 rows; falling back to MULTI_ROW inserts
WARNING src.statschema.dialects.db2.loader bulk_load_db2: ADMIN_CMD loaded 0/14415 rows; falling back to MULTI_ROW inserts
WARNING src.statschema.dialects.db2.loader bulk_load_db2: ADMIN_CMD loaded 0/7193 rows; falling back to MULTI_ROW inserts
WARNING src.statschema.dialects.db2.loader bulk_load_db2: ADMIN_CMD loaded 0/2875 rows; falling back to MULTI_ROW inserts
WARNING src.statschema.dialects.db2.loader bulk_load_db2: ADMIN_CMD loaded 0/1440 rows; falling back to MULTI_ROW inserts
WARNING src.statschema.dialects.db2.loader bulk_load_db2: ADMIN_CMD loaded 0/717 rows; falling back to MULTI_ROW inserts
WARNING src.statschema.dialects.db2.loader bulk_load_db2: ADMIN_CMD loaded 0/73049 rows; falling back to MULTI_ROW inserts
WARNING src.statschema.dialects.db2.loader bulk_load_db2: ADMIN_CMD loaded 0/86400 rows; falling back to MULTI_ROW inserts
WARNING src.statschema.dialects.db2.loader bulk_load_db2: ADMIN_CMD loaded 0/1920800 rows; falling back to MULTI_ROW inserts
WARNING src.statschema.dialects.db2.loader bulk_load_db2: ADMIN_CMD loaded 0/20 rows; falling back to MULTI_ROW inserts
WARNING src.statschema.dialects.db2.loader bulk_load_db2: ADMIN_CMD loaded 0/55 rows; falling back to MULTI_ROW inserts
WARNING src.statschema.dialects.db2.loader bulk_load_db2: ADMIN_CMD loaded 0/20 rows; falling back to MULTI_ROW inserts
WARNING src.statschema.dialects.db2.loader bulk_load_db2: ADMIN_CMD loaded 0/180 rows; falling back to MULTI_ROW inserts
WARNING src.statschema.dialects.db2.loader bulk_load_db2: ADMIN_CMD loaded 0/5 rows; falling back to MULTI_ROW inserts
Traceback (most recent call last):
  File "/Users/robert.lee/github/statschema/.venv_test/lib/python3.11/site-packages/ibm_db_dbi.py", line 1633, in _execute_helper
    return_value = ibm_db.execute(self.stmt_handler, parameters)
                   ^^^^^^^^^^^^^^^^^^^^^^^^^^^^^^^^^^^^^^^^^^^^^
Exception: Binding Error: [IBM][CLI Driver] CLI0102E  Invalid conversion. SQLSTATE=07006 SQLCODE=-99999

During handling of the above exception, another exception occurred:

Traceback (most recent call last):
  File "/Users/robert.lee/github/statschema/benchmarks/identity_test.py", line 2483, in <module>
    main()
  File "/Users/robert.lee/github/statschema/benchmarks/identity_test.py", line 2447, in main
    result = run_identity_test(
             ^^^^^^^^^^^^^^^^^^
  File "/Users/robert.lee/github/statschema/benchmarks/identity_test.py", line 2140, in run_identity_test
    result.target_row_counts, result.stats_injection_mode = build_target(
                                                            ^^^^^^^^^^^^^
  File "/Users/robert.lee/github/statschema/benchmarks/identity_test.py", line 1724, in build_target
    load_dataframe(
  File "/Users/robert.lee/github/statschema/src/statschema/data_loader.py", line 245, in load_dataframe
    inserted = bulk_load_db2(
               ^^^^^^^^^^^^^^
  File "/Users/robert.lee/github/statschema/src/statschema/dialects/db2/loader.py", line 190, in bulk_load_db2
    inserted = _insert_multi_row(
               ^^^^^^^^^^^^^^^^^^
  File "/Users/robert.lee/github/statschema/src/statschema/dialects/_loader_shared.py", line 291, in _insert_multi_row
    cur.execute(sql, params)
  File "/Users/robert.lee/github/statschema/.venv_test/lib/python3.11/site-packages/ibm_db_dbi.py", line 1812, in execute
    self._execute_helper(parameters)
  File "/Users/robert.lee/github/statschema/.venv_test/lib/python3.11/site-packages/ibm_db_dbi.py", line 1648, in _execute_helper
    raise self.messages[len(self.messages) - 1]
ibm_db_dbi.ProgrammingError: ibm_db_dbi::ProgrammingError: Binding Error: [IBM][CLI Driver] CLI0102E  Invalid conversion. SQLSTATE=07006 SQLCODE=-99999
