  [C] Auto-selected profile 'thorough' for source dialect 'oracle'
  [A] Creating tables in schema 'tpcdi_src'… done
  [A]   loading StatusType                         5 rows… 0.57s
  [A]   loading TaxRate                          320 rows… 0.19s
  [A]   loading TradeType                          5 rows… 0.17s
  [A]   loading Industry                         102 rows… 0.17s
  [A]   loading DimDate                        3,652 rows… 0.46s
  [A]   loading DimTime                       86,400 rows… 3.46s
  [A]   loading DimCompany                       400 rows… 0.27s
  [A]   loading DimBroker                        100 rows… 0.17s
  [A]   loading DimCustomer                      950 rows… 0.43s
  [A]   loading DimMessage                       500 rows… 0.22s
  [A]   loading DimSecurity                      685 rows… 0.60s
  [A]   loading Financial                      3,200 rows… 0.32s
  [A]   loading DimAccount                     1,500 rows… 0.25s
  [A]   loading FactMarketHistory             57,000 rows… 1.69s
  [A]   loading FactWatches                    5,000 rows… 0.25s
  [A]   loading DimTrade                      46,000 rows… 3.35s
  [A]   loading FactCashBalances               2,500 rows… 0.91s
  [A]   loading FactHoldings                   3,000 rows… 0.54s
  [A] Running ANALYZE on 'tpcdi_src'… done
  [B] EXPLAIN tpcdi-q01… ok
  [B] EXPLAIN tpcdi-q02… ok
  [B] EXPLAIN tpcdi-q03… ok
  [B] EXPLAIN tpcdi-q04… ok
  [C] pred_cols: 12 predicate columns from workload YAML across 18 tables
  [C] collecting stats StatusType… ok  (row_count=5)
  [C] collecting stats TaxRate… ok  (row_count=320)
  [C] collecting stats TradeType… ok  (row_count=5)
  [C] collecting stats Industry… ok  (row_count=102)
  [C] collecting stats DimDate… ok  (row_count=3,652)
  [C] collecting stats DimTime… ok  (row_count=86,400)
  [C] collecting stats DimCompany… ok  (row_count=400)
  [C] collecting stats DimBroker… ok  (row_count=100)
  [C] collecting stats DimCustomer… ok  (row_count=950)
  [C] collecting stats DimMessage… ok  (row_count=500)
  [C] collecting stats DimSecurity… ok  (row_count=685)
  [C] collecting stats Financial… ok  (row_count=3,200)
  [C] collecting stats DimAccount… ok  (row_count=1,500)
  [C] collecting stats FactMarketHistory… ok  (row_count=57,000)
  [C] collecting stats FactWatches… ok  (row_count=5,000)
  [C] collecting stats DimTrade… ok  (row_count=46,000)
  [C] collecting stats FactCashBalances… ok  (row_count=2,500)
  [C] collecting stats FactHoldings… ok  (row_count=3,000)
  [D] Creating tables in schema 'tpcdi_tgt'… done
  [D]   synthetic StatusType                         5 rows… 1.12s
  [D]   synthetic TaxRate                          320 rows… 0.16s
  [D]   synthetic TradeType                          5 rows… 0.47s
  [D]   synthetic Industry                         102 rows… 0.13s
  [D]   synthetic DimDate                        3,652 rows… 0.41s
  [D]   synthetic DimTime                       86,400 rows… 2.61s
  [D]   synthetic DimCompany                       400 rows… 0.20s
  [D]   synthetic DimBroker                        100 rows… 0.13s
  [D]   synthetic DimCustomer                      950 rows… 0.56s
  [D]   synthetic DimMessage                       500 rows… 0.18s
  [D]   synthetic DimSecurity                      685 rows… 0.21s
  [D]   synthetic Financial                      3,200 rows… 0.27s
  [D]   synthetic DimAccount                     1,500 rows… 0.50s
  [D]   synthetic FactMarketHistory             57,000 rows… 1.07s
  [D]   synthetic FactWatches                    5,000 rows… 0.17s
  [D]   synthetic DimTrade                      46,000 rows… 1.68s
  [D]   synthetic FactCashBalances               2,500 rows… 0.16s
  [D]   synthetic FactHoldings                   3,000 rows… 0.18s
  [D] Updating statistics in 'tpcdi_tgt'… done (native ANALYZE)
  [C.5] Collecting target stats for fidelity check…
  [C] collecting stats StatusType… ok  (row_count=5)
  [C] collecting stats TaxRate… ok  (row_count=320)
  [C] collecting stats TradeType… ok  (row_count=5)
  [C] collecting stats Industry… ok  (row_count=102)
  [C] collecting stats DimDate… ok  (row_count=3,652)
  [C] collecting stats DimTime… ok  (row_count=86,400)
  [C] collecting stats DimCompany… ok  (row_count=400)
  [C] collecting stats DimBroker… ok  (row_count=100)
  [C] collecting stats DimCustomer… ok  (row_count=950)
  [C] collecting stats DimMessage… ok  (row_count=500)
  [C] collecting stats DimSecurity… ok  (row_count=685)
  [C] collecting stats Financial… ok  (row_count=3,200)
  [C] collecting stats DimAccount… ok  (row_count=1,500)
  [C] collecting stats FactMarketHistory… ok  (row_count=57,000)
  [C] collecting stats FactWatches… ok  (row_count=5,000)
  [C] collecting stats DimTrade… ok  (row_count=46,000)
  [C] collecting stats FactCashBalances… ok  (row_count=2,500)
  [C] collecting stats FactHoldings… ok  (row_count=3,000)
  [C.5] stats fidelity: ndistinct_w2x=0.894  range_covered=0.993  null_match=1.000
  [B] EXPLAIN tpcdi-q01… ok
  [B] EXPLAIN tpcdi-q02… ok
  [B] EXPLAIN tpcdi-q03… ok
  [B] EXPLAIN tpcdi-q04… ok

======================================================================
  Identity Test Result
  schema=tpcdi  dialect=oracle  sf=1.0
  source=tpcdi_src  target=tpcdi_tgt
======================================================================
  stats_fidelity: ndistinct_w2x=0.894  range_covered=0.993  null_match=1.000
    ⚠  DimTime: only 50% of columns have matching n_distinct (target stats may not reflect source)
    ⚠  FactMarketHistory: only 50% of columns have matching n_distinct (target stats may not reflect source)
    ⚠  FactCashBalances: only 60% of columns have matching n_distinct (target stats may not reflect source)

  node_jaccard  : 1.000  (threshold ≥ 0.7)
  within_2x     : 1.000  (threshold ≥ 0.5)
  within_10x    : 1.000

  tpcdi-q01             jaccard=1.00  within_2x=1.00  nodes: 8→8
  tpcdi-q02             jaccard=1.00  within_2x=1.00  nodes: 6→6
  tpcdi-q03             jaccard=1.00  within_2x=1.00  nodes: 10→10
  tpcdi-q04             jaccard=1.00  within_2x=1.00  nodes: 6→6

  Overall: PASS ✓
    A_load_source             42.58s
    B_baseline_explain        0.40s
    C_collect_stats           62.03s
    D_build_target            36.35s
    C5_target_stats_fidelity  32.00s
    E_replay_explain          0.34s
======================================================================

  Result saved → benchmarks/results/20260327-053306-identity-tpcdi-sf1.0-oracle.json

