  [C] Auto-selected profile 'thorough' for source dialect 'db2'
  [A] Creating tables in schema 'tpce_src'… done
  [A]   loading exchange                           4 rows… 6.77s
  [A]   loading sector                            12 rows… 2.30s
  [A]   loading status_type                        5 rows… 3.12s
  [A]   loading trade_type                         5 rows… 3.09s
  [A]   loading taxrate                          320 rows… 2.09s
  [A]   loading charge                            15 rows… 1.55s
  [A]   loading commission_rate                  240 rows… 2.91s
  [A]   loading zip_code                      14,741 rows… 8.99s
  [A]   loading address                       13,333 rows… 10.20s
  [A]   loading news_item                        200 rows… 1.33s
  [A]   loading industry                         102 rows… 1.99s
  [A]   loading broker                            10 rows… 1.92s
  [A]   loading customer                      10,000 rows… 67.77s
  [A]   loading company                           50 rows… 3.02s
  [A]   loading customer_taxrate              30,000 rows… 7.06s
  [A]   loading customer_account              50,000 rows… 15.41s
  [A]   loading watch_list                    10,000 rows… 4.15s
  [A]   loading company_competitor               150 rows… 3.26s
  [A]   loading security                          68 rows… 3.47s
  [A]   loading financial                      1,000 rows… 6.36s
  [A]   loading news_xref                        600 rows… 3.04s
  [A]   loading account_permission            75,000 rows… 33.89s
  [A]   loading watch_item                   150,000 rows… 27.13s
  [A]   loading daily_market                 125,027 rows… 37.02s
  [A]   loading last_trade                        68 rows… 2.04s
  [A]   loading trade                         33,387 rows… 44.32s
  [A]   loading holding_summary               38,000 rows… 7.11s
  [A]   loading trade_history                100,000 rows… 15.48s
  [A]   loading trade_request                  1,000 rows… 4.31s
  [A]   loading holding                       50,000 rows… 18.41s
  [A]   loading cash_transaction              33,387 rows… 9.89s
  [A]   loading holding_history              100,000 rows… 16.69s
  [A] Running ANALYZE on 'tpce_src'… done
  [B] EXPLAIN tpce-q01… ok
  [B] EXPLAIN tpce-q02… ok
  [B] EXPLAIN tpce-q03… ok
  [B] EXPLAIN tpce-q04… ok
  [C] pred_cols: 15 predicate columns from workload YAML across 32 tables
  [C] collecting stats exchange… ok  (row_count=4)
  [C] collecting stats sector… ok  (row_count=12)
  [C] collecting stats status_type… ok  (row_count=5)
  [C] collecting stats trade_type… ok  (row_count=5)
  [C] collecting stats taxrate… ok  (row_count=320)
  [C] collecting stats charge… ok  (row_count=15)
  [C] collecting stats commission_rate… ok  (row_count=240)
  [C] collecting stats zip_code… ok  (row_count=14,741)
  [C] collecting stats address… ok  (row_count=13,333)
  [C] collecting stats news_item… ok  (row_count=200)
  [C] collecting stats industry… ok  (row_count=102)
  [C] collecting stats broker… ok  (row_count=10)
  [C] collecting stats customer… ok  (row_count=10,000)
  [C] collecting stats company… ok  (row_count=50)
  [C] collecting stats customer_taxrate… ok  (row_count=30,000)
  [C] collecting stats customer_account… ok  (row_count=50,000)
  [C] collecting stats watch_list… ok  (row_count=10,000)
  [C] collecting stats company_competitor… ok  (row_count=150)
  [C] collecting stats security… ok  (row_count=68)
  [C] collecting stats financial… ok  (row_count=1,000)
  [C] collecting stats news_xref… ok  (row_count=600)
  [C] collecting stats account_permission… ok  (row_count=75,000)
  [C] collecting stats watch_item… ok  (row_count=150,000)
  [C] collecting stats daily_market… ok  (row_count=125,027)
  [C] collecting stats last_trade… ok  (row_count=68)
  [C] collecting stats trade… ok  (row_count=33,387)
  [C] collecting stats holding_summary… ok  (row_count=38,000)
  [C] collecting stats trade_history… ok  (row_count=100,000)
  [C] collecting stats trade_request… ok  (row_count=1,000)
  [C] collecting stats holding… ok  (row_count=50,000)
  [C] collecting stats cash_transaction… ok  (row_count=33,387)
  [C] collecting stats holding_history… ok  (row_count=100,000)
  [D] Creating tables in schema 'tpce_tgt'… done
  [D]   synthetic exchange                           4 rows… 2.00s
  [D]   synthetic sector                            12 rows… 3.86s
  [D]   synthetic status_type                        5 rows… 2.28s
  [D]   synthetic trade_type                         5 rows… 1.48s
  [D]   synthetic taxrate                          320 rows… 