  [C] Auto-selected profile 'thorough' for source dialect 'oracle'
  [A] Creating tables in schema 'tpce_src'… done
  [A]   loading exchange                           4 rows… 0.46s
  [A]   loading sector                            12 rows… 0.14s
  [A]   loading status_type                        5 rows… 0.14s
  [A]   loading trade_type                         5 rows… 0.14s
  [A]   loading taxrate                          320 rows… 0.20s
  [A]   loading charge                            15 rows… 0.14s
  [A]   loading commission_rate                  240 rows… 0.18s
  [A]   loading zip_code                      14,741 rows… 1.61s
  [A]   loading address                      133,333 rows… 20.28s
  [A]   loading news_item                      2,000 rows… 0.56s
  [A]   loading industry                         102 rows… 0.18s
  [A]   loading broker                           100 rows… 0.16s
  [A]   loading customer                     100,000 rows… 49.62s
  [A]   loading company                          500 rows… 0.42s
  [A]   loading customer_taxrate             300,000 rows… 8.53s
  [A]   loading customer_account             500,000 rows… 22.63s
  [A]   loading watch_list                   100,000 rows… 0.77s
  [A]   loading company_competitor             1,500 rows… 0.20s
  [A]   loading security                         685 rows… 0.33s
  [A]   loading financial                     10,000 rows… 0.36s
  [A]   loading news_xref                      6,000 rows… 0.13s
  [A]   loading account_permission           750,000 rows… 84.98s
  [A]   loading watch_item                 1,500,000 rows… 44.61s
  [A]   loading daily_market               1,250,275 rows… 46.09s
  [A]   loading last_trade                       685 rows… 0.36s
  [A]   loading trade                        333,876 rows… 42.29s
  [A]   loading holding_summary              380,000 rows… 10.95s
  [A]   loading trade_history              1,000,000 rows… 32.47s
  [A]   loading trade_request                 10,000 rows… 0.72s
  [A]   loading holding                      500,000 rows… 20.89s
  [A]   loading cash_transaction             333,876 rows… 15.98s
  [A]   loading holding_history            1,000,000 rows… 7.21s
  [A] Running ANALYZE on 'tpce_src'… done
  [B] EXPLAIN tpce-q01… ERROR: ORA-00932: inconsistent datatypes: expected - got CLOB
Help: https://docs.oracle.com/error-help/db/ora-00932/
  [B] EXPLAIN tpce-q02… ERROR: ORA-00932: inconsistent datatypes: expected - got CLOB
Help: https://docs.oracle.com/error-help/db/ora-00932/
  [B] EXPLAIN tpce-q03… ERROR: ORA-00932: inconsistent datatypes: expected - got CLOB
Help: https://docs.oracle.com/error-help/db/ora-00932/
  [B] EXPLAIN tpce-q04… ERROR: ORA-00932: inconsistent datatypes: expected - got CLOB
Help: https://docs.oracle.com/error-help/db/ora-00932/
  [C] pred_cols: 15 predicate columns from workload YAML across 32 tables
  [C] collecting stats exchange… ok  (row_count=4)
  [C] collecting stats sector… ok  (row_count=12)
  [C] collecting stats status_type… ok  (row_count=5)
  [C] collecting stats trade_type… ok  (row_count=5)
  [C] collecting stats taxrate… ok  (row_count=320)
  [C] collecting stats charge… ok  (row_count=15)
  [C] collecting stats commission_rate… ok  (row_count=240)
  [C] collecting stats zip_code… ok  (row_count=14,741)
  [C] collecting stats address… ok  (row_count=133,333)
  [C] collecting stats news_item… ok  (row_count=2,000)
  [C] collecting stats industry… ok  (row_count=102)
  [C] collecting stats broker… ok  (row_count=100)
  [C] collecting stats customer… ok  (row_count=100,000)
  [C] collecting stats company… ok  (row_count=500)
  [C] collecting stats customer_taxrate… ok  (row_count=300,000)
  [C] collecting stats customer_account… ok  (row_count=500,000)
  [C] collecting stats watch_list… ok  (row_count=100,000)
  [C] collecting stats company_competitor… ok  (row_count=1,500)
  [C] collecting stats security… ok  (row_count=685)
  [C] collecting stats financial… ok  (row_count=10,000)
  [C] collecting stats news_xref… ok  (row_count=6,000)
  [C] collecting stats account_permission… ok  (row_count=750,000)
  [C] collecting stats watch_item… ok  (row_count=1,500,000)
  [C] collecting stats daily_market… ok  (row_count=1,250,275)
  [C] collecting stats last_trade… ok  (row_count=685)
  [C] collecting stats trade… ok  (row_count=333,876)
  [C] collecting stats holding_summary… ok  (row_count=380,000)
  [C] collecting stats trade_history… ok  (row_count=1,000,000)
  [C] collecting stats trade_request… ok  (row_count=10,000)
  [C] collecting stats holding… ok  (row_count=500,000)
  [C] collecting stats cash_transaction… ok  (row_count=333,876)
  [C] collecting stats holding_history… ok  (row_count=1,000,000)
  [D] Creating tables in schema 'tpce_tgt'… done
  [D]   synthetic exchange                           4 rows… 0.36s
  [D]   synthetic sector                            12 rows… 0.16s
  [D]   synthetic status_type                        5 rows… 0.35s
  [D]   synthetic trade_type                         5 rows… 0.42s
  [D]   synthetic taxrate                          320 rows… 0.25s
  [D]   synthetic charge                            15 rows… 0.21s
  [D]   synthetic commission_rate                  240 rows… 0.23s
  [D]   synthetic zip_code                      14,741 rows… 1.78s
  [D]   synthetic address                      133,333 rows… 20.44s
  [D]   synthetic news_item                      2,000 rows… 0.63s
  [D]   synthetic industry                         102 rows… 0.19s
  [D]   synthetic broker                           100 rows… 0.19s
  [D]   synthetic customer                     100,000 rows… 59.32s
  [D]   synthetic company                          500 rows… 0.38s
  [D]   synthetic customer_taxrate             300,000 rows… 10.22s
  [D]   synthetic customer_account             500,000 rows… 21.42s
  [D]   synthetic watch_list                   100,000 rows… 0.85s
  [D]   synthetic company_competitor             1,500 rows… 0.27s
  [D]   synthetic security                         685 rows… 0.57s
  [D]   synthetic financial                     10,000 rows… 0.53s
  [D]   synthetic news_xref                      6,000 rows… 0.24s
  [D]   synthetic account_permission           750,000 rows… 118.64s
  [D]   synthetic watch_item                 1,500,000 rows… 68.71s
  [D]   synthetic daily_market               1,250,275 rows… 57.90s
  [D]   synthetic last_trade                       685 rows… 0.71s
  [D]   synthetic trade                        333,876 rows… 56.42s
  [D]   synthetic holding_summary              380,000 rows… 19.65s
  [D]   synthetic trade_history              1,000,000 rows… 46.42s
  [D]   synthetic trade_request                 10,000 rows… 1.43s
  [D]   synthetic holding                      500,000 rows… 25.59s
  [D]   synthetic cash_transaction             333,876 rows… 16.99s
  [D]   synthetic holding_history            1,000,000 rows… 6.01s
  [D] Updating statistics in 'tpce_tgt'… done (native ANALYZE)
  [C.5] Collecting target stats for fidelity check…
  [C] collecting stats exchange… ok  (row_count=4)
  [C] collecting stats sector… ok  (row_count=12)
  [C] collecting stats status_type… ok  (row_count=5)
  [C] collecting stats trade_type… ok  (row_count=5)
  [C] collecting stats taxrate… ok  (row_count=320)
  [C] collecting stats charge… ok  (row_count=15)
  [C] collecting stats commission_rate… ok  (row_count=240)
  [C] collecting stats zip_code… ok  (row_count=14,741)
  [C] collecting stats address… ok  (row_count=133,333)
  [C] collecting stats news_item… ok  (row_count=2,000)
  [C] collecting stats industry… ok  (row_count=102)
  [C] collecting stats broker… ok  (row_count=100)
  [C] collecting stats customer… ok  (row_count=100,000)
  [C] collecting stats company… ok  (row_count=500)
  [C] collecting stats customer_taxrate… ok  (row_count=300,000)
  [C] collecting stats customer_account… ok  (row_count=500,000)
  [C] collecting stats watch_list… ok  (row_count=100,000)
  [C] collecting stats company_competitor… ok  (row_count=1,500)
  [C] collecting stats security… ok  (row_count=685)
  [C] collecting stats financial… ok  (row_count=10,000)
  [C] collecting stats news_xref… ok  (row_count=6,000)
  [C] collecting stats account_permission… ok  (row_count=750,000)
  [C] collecting stats watch_item… ok  (row_count=1,500,000)
  [C] collecting stats daily_market… ok  (row_count=1,250,275)
  [C] collecting stats last_trade… ok  (row_count=685)
  [C] collecting stats trade… ok  (row_count=333,876)
  [C] collecting stats holding_summary… ok  (row_count=380,000)
  [C] collecting stats trade_history… ok  (row_count=1,000,000)
  [C] collecting stats trade_request… ok  (row_count=10,000)
  [C] collecting stats holding… ok  (row_count=500,000)
  [C] collecting stats cash_transaction… ok  (row_count=333,876)
  [C] collecting stats holding_history… ok  (row_count=1,000,000)
  [C.5] stats fidelity: ndistinct_w2x=0.806  range_covered=0.981  null_match=1.000
  [B] EXPLAIN tpce-q01… ERROR: ORA-00932: inconsistent datatypes: expected - got CLOB
Help: https://docs.oracle.com/error-help/db/ora-00932/
  [B] EXPLAIN tpce-q02… ERROR: ORA-00932: inconsistent datatypes: expected - got CLOB
Help: https://docs.oracle.com/error-help/db/ora-00932/
  [B] EXPLAIN tpce-q03… ERROR: ORA-00932: inconsistent datatypes: expected - got CLOB
Help: https://docs.oracle.com/error-help/db/ora-00932/
  [B] EXPLAIN tpce-q04… ERROR: ORA-00932: inconsistent datatypes: expected - got CLOB
Help: https://docs.oracle.com/error-help/db/ora-00932/

======================================================================
  Identity Test Result
  schema=tpce  dialect=oracle  sf=0.1
  source=tpce_src  target=tpce_tgt
======================================================================
  stats_fidelity: ndistinct_w2x=0.806  range_covered=0.981  null_match=1.000
    ⚠  customer_taxrate: only 33% of columns have matching n_distinct (target stats may not reflect source)
    ⚠  customer_account: only 67% of columns have matching n_distinct (target stats may not reflect source)
    ⚠  watch_list: only 33% of columns have matching n_distinct (target stats may not reflect source)
    ⚠  company_competitor: only 67% of columns have matching n_distinct (target stats may not reflect source)
    ⚠  news_xref: only 50% of columns have matching n_distinct (target stats may not reflect source)
    ⚠  watch_item: only 67% of columns have matching n_distinct (target stats may not reflect source)
    ⚠  daily_market: only 33% of columns have matching n_distinct (target stats may not reflect source)
    ⚠  trade: only 53% of columns have matching n_distinct (target stats may not reflect source)
    ⚠  holding_summary: only 33% of columns have matching n_distinct (target stats may not reflect source)
    ⚠  trade_history: only 67% of columns have matching n_distinct (target stats may not reflect source)
    ⚠  holding: only 33% of columns have matching n_distinct (target stats may not reflect source)
    ⚠  holding_history: only 0% of columns have matching n_distinct (target stats may not reflect source)

  node_jaccard  : 0.000  (threshold ≥ 0.7)
  within_2x     : 0.000  (threshold ≥ 0.5)
  within_10x    : 0.000


  Overall: FAIL ✗  (mean_node_jaccard 0.000 < threshold 0.7)
    A_load_source             481.23s
    B_baseline_explain        0.18s
    C_collect_stats           51.65s
    D_build_target            632.55s
    C5_target_stats_fidelity  86.67s
    E_replay_explain          0.15s
======================================================================

  Result saved → benchmarks/results/20260327-054002-identity-tpce-sf0.1-oracle.json

